Component: ARM Compiler 6.13.1 Tool: armlink [5d895400]

==============================================================================

Section Cross References

    main.o(.ARM.exidx.text.PortF_Init) refers to main.o(.text.PortF_Init) for [Anonymous Symbol]
    main.o(.ARM.exidx.text.psh_btn_init) refers to main.o(.text.psh_btn_init) for [Anonymous Symbol]
    main.o(.ARM.exidx.text.UART0_init) refers to main.o(.text.UART0_init) for [Anonymous Symbol]
    main.o(.text.Init) refers to main.o(.text.PortF_Init) for PortF_Init
    main.o(.text.Init) refers to main.o(.text.psh_btn_init) for psh_btn_init
    main.o(.text.Init) refers to main.o(.text.UART0_init) for UART0_init
    main.o(.ARM.exidx.text.Init) refers to main.o(.text.Init) for [Anonymous Symbol]
    main.o(.ARM.exidx.text.UART_Write) refers to main.o(.text.UART_Write) for [Anonymous Symbol]
    main.o(.text.UART_Write_String) refers to main.o(.text.UART_Write) for UART_Write
    main.o(.ARM.exidx.text.UART_Write_String) refers to main.o(.text.UART_Write_String) for [Anonymous Symbol]
    main.o(.text.GPIOF_Handler) refers to main.o(.text.UART_Write_String) for UART_Write_String
    main.o(.text.GPIOF_Handler) refers to queue.o(.text.xQueueGiveFromISR) for xQueueGiveFromISR
    main.o(.text.GPIOF_Handler) refers to main.o(.bss.xBinarySemaphore) for xBinarySemaphore
    main.o(.ARM.exidx.text.GPIOF_Handler) refers to main.o(.text.GPIOF_Handler) for [Anonymous Symbol]
    main.o(.text.main) refers to main.o(.text.Init) for Init
    main.o(.text.main) refers to queue.o(.text.xQueueGenericCreate) for xQueueGenericCreate
    main.o(.text.main) refers to queue.o(.text.xQueueGenericSend) for xQueueGenericSend
    main.o(.text.main) refers to tasks.o(.text.xTaskCreate) for xTaskCreate
    main.o(.text.main) refers to tasks.o(.text.vTaskStartScheduler) for vTaskStartScheduler
    main.o(.text.main) refers to main.o(.bss.xBinarySemaphore) for xBinarySemaphore
    main.o(.text.main) refers to main.o(.text.vHandlerTask) for vHandlerTask
    main.o(.text.main) refers to main.o(.text.vPeriodicTask) for vPeriodicTask
    main.o(.ARM.exidx.text.main) refers to main.o(.text.main) for [Anonymous Symbol]
    main.o(.text.vHandlerTask) refers to queue.o(.text.xQueueSemaphoreTake) for xQueueSemaphoreTake
    main.o(.text.vHandlerTask) refers to main.o(.text.UART_Write_String) for UART_Write_String
    main.o(.text.vHandlerTask) refers to main.o(.bss.xBinarySemaphore) for xBinarySemaphore
    main.o(.ARM.exidx.text.vHandlerTask) refers to main.o(.text.vHandlerTask) for [Anonymous Symbol]
    main.o(.text.vPeriodicTask) refers to tasks.o(.text.vTaskDelay) for vTaskDelay
    main.o(.text.vPeriodicTask) refers to main.o(.text.UART_Write_String) for UART_Write_String
    main.o(.ARM.exidx.text.vPeriodicTask) refers to main.o(.text.vPeriodicTask) for [Anonymous Symbol]
    dio.o(.ARM.exidx.text.DIO_Init) refers to dio.o(.text.DIO_Init) for [Anonymous Symbol]
    dio.o(.ARM.exidx.text.DIO_DIR) refers to dio.o(.text.DIO_DIR) for [Anonymous Symbol]
    dio.o(.ARM.exidx.text.DIO_togglepin) refers to dio.o(.text.DIO_togglepin) for [Anonymous Symbol]
    dio.o(.ARM.exidx.text.DIO_WritePin) refers to dio.o(.text.DIO_WritePin) for [Anonymous Symbol]
    dio.o(.ARM.exidx.text.DIO_WritePort) refers to dio.o(.text.DIO_WritePort) for [Anonymous Symbol]
    startup_tm4c123.o(STACK) refers (Special) to heapauxi.o(.text) for __use_two_region_memory
    startup_tm4c123.o(HEAP) refers (Special) to heapauxi.o(.text) for __use_two_region_memory
    startup_tm4c123.o(RESET) refers (Special) to heapauxi.o(.text) for __use_two_region_memory
    startup_tm4c123.o(RESET) refers to startup_tm4c123.o(STACK) for __initial_sp
    startup_tm4c123.o(RESET) refers to startup_tm4c123.o(.text) for Reset_Handler
    startup_tm4c123.o(RESET) refers to port.o(.text.SVC_Handler) for SVC_Handler
    startup_tm4c123.o(RESET) refers to port.o(.text.PendSV_Handler) for PendSV_Handler
    startup_tm4c123.o(RESET) refers to port.o(.text.SysTick_Handler) for SysTick_Handler
    startup_tm4c123.o(RESET) refers to main.o(.text.GPIOF_Handler) for GPIOF_Handler
    startup_tm4c123.o(.text) refers (Special) to heapauxi.o(.text) for __use_two_region_memory
    startup_tm4c123.o(.text) refers to system_tm4c123.o(.text.SystemInit) for SystemInit
    startup_tm4c123.o(.text) refers to __main.o(!!!main) for __main
    startup_tm4c123.o(.text) refers to startup_tm4c123.o(HEAP) for Heap_Mem
    startup_tm4c123.o(.text) refers to startup_tm4c123.o(STACK) for Stack_Mem
    system_tm4c123.o(.text.SystemCoreClockUpdate) refers to system_tm4c123.o(.text.getOscClk) for getOscClk
    system_tm4c123.o(.text.SystemCoreClockUpdate) refers to system_tm4c123.o(.data.SystemCoreClock) for SystemCoreClock
    system_tm4c123.o(.ARM.exidx.text.SystemCoreClockUpdate) refers to system_tm4c123.o(.text.SystemCoreClockUpdate) for [Anonymous Symbol]
[...]
    Removing queue.o(.ARM.exidx.text.xQueueGenericSendFromISR), (8 bytes).
    Removing queue.o(.ARM.exidx.text.xQueueGiveFromISR), (8 bytes).
    Removing queue.o(.text.xQueueReceive), (332 bytes).
    Removing queue.o(.ARM.exidx.text.xQueueReceive), (8 bytes).
    Removing queue.o(.text.prvCopyDataFromQueue), (36 bytes).
    Removing queue.o(.ARM.exidx.text.prvCopyDataFromQueue), (8 bytes).
    Removing queue.o(.ARM.exidx.text.prvIsQueueEmpty), (8 bytes).
    Removing queue.o(.text.xQueuePeek), (328 bytes).
    Removing queue.o(.ARM.exidx.text.xQueuePeek), (8 bytes).
    Removing queue.o(.text.xQueueReceiveFromISR), (190 bytes).
    Removing queue.o(.ARM.exidx.text.xQueueReceiveFromISR), (8 bytes).
    Removing queue.o(.text.xQueuePeekFromISR), (122 bytes).
    Removing queue.o(.ARM.exidx.text.xQueuePeekFromISR), (8 bytes).
    Removing queue.o(.text.uxQueueMessagesWaiting), (38 bytes).
    Removing queue.o(.ARM.exidx.text.uxQueueMessagesWaiting), (8 bytes).
    Removing queue.o(.text.uxQueueSpacesAvailable), (42 bytes).
    Removing queue.o(.ARM.exidx.text.uxQueueSpacesAvailable), (8 bytes).
    Removing queue.o(.text.uxQueueMessagesWaitingFromISR), (24 bytes).
    Removing queue.o(.ARM.exidx.text.uxQueueMessagesWaitingFromISR), (8 bytes).
    Removing queue.o(.text.vQueueDelete), (24 bytes).
    Removing queue.o(.ARM.exidx.text.vQueueDelete), (8 bytes).
    Removing queue.o(.text.uxQueueGetQueueNumber), (4 bytes).
    Removing queue.o(.ARM.exidx.text.uxQueueGetQueueNumber), (8 bytes).
    Removing queue.o(.text.vQueueSetQueueNumber), (4 bytes).
    Removing queue.o(.ARM.exidx.text.vQueueSetQueueNumber), (8 bytes).
    Removing queue.o(.text.ucQueueGetQueueType), (6 bytes).
    Removing queue.o(.ARM.exidx.text.ucQueueGetQueueType), (8 bytes).
    Removing queue.o(.text.xQueueIsQueueEmptyFromISR), (30 bytes).
    Removing queue.o(.ARM.exidx.text.xQueueIsQueueEmptyFromISR), (8 bytes).
    Removing queue.o(.text.xQueueIsQueueFullFromISR), (34 bytes).
    Removing queue.o(.ARM.exidx.text.xQueueIsQueueFullFromISR), (8 bytes).
    Removing queue.o(.text.xQueueCreateSet), (8 bytes).
    Removing queue.o(.ARM.exidx.text.xQueueCreateSet), (8 bytes).
    Removing queue.o(.text.xQueueAddToSet), (34 bytes).
    Removing queue.o(.ARM.exidx.text.xQueueAddToSet), (8 bytes).
    Removing queue.o(.text.xQueueRemoveFromSet), (36 bytes).
    Removing queue.o(.ARM.exidx.text.xQueueRemoveFromSet), (8 bytes).
    Removing queue.o(.text.xQueueSelectFromSet), (18 bytes).
    Removing queue.o(.ARM.exidx.text.xQueueSelectFromSet), (8 bytes).
    Removing queue.o(.text.xQueueSelectFromSetFromISR), (18 bytes).
    Removing queue.o(.ARM.exidx.text.xQueueSelectFromSetFromISR), (8 bytes).
    Removing tasks.o(.text), (0 bytes).
    Removing tasks.o(.ARM.exidx.text.xTaskCreate), (8 bytes).
    Removing tasks.o(.text.vTaskDelete), (196 bytes).
    Removing tasks.o(.ARM.exidx.text.vTaskDelete), (8 bytes).
    Removing tasks.o(.ARM.exidx.text.prvResetNextTaskUnblockTime), (8 bytes).
    Removing tasks.o(.ARM.exidx.text.prvDeleteTCB), (8 bytes).
    Removing tasks.o(.text.xTaskDelayUntil), (152 bytes).
    Removing tasks.o(.ARM.exidx.text.xTaskDelayUntil), (8 bytes).
    Removing tasks.o(.ARM.exidx.text.vTaskSuspendAll), (8 bytes).
    Removing tasks.o(.ARM.exidx.text.prvAddCurrentTaskToDelayedList), (8 bytes).
    Removing tasks.o(.ARM.exidx.text.xTaskResumeAll), (8 bytes).
    Removing tasks.o(.ARM.exidx.text.vTaskDelay), (8 bytes).
    Removing tasks.o(.text.eTaskGetState), (140 bytes).
    Removing tasks.o(.ARM.exidx.text.eTaskGetState), (8 bytes).
    Removing tasks.o(.text.uxTaskPriorityGet), (28 bytes).
    Removing tasks.o(.ARM.exidx.text.uxTaskPriorityGet), (8 bytes).
    Removing tasks.o(.text.uxTaskPriorityGetFromISR), (48 bytes).
    Removing tasks.o(.ARM.exidx.text.uxTaskPriorityGetFromISR), (8 bytes).
    Removing tasks.o(.text.vTaskPrioritySet), (252 bytes).
    Removing tasks.o(.ARM.exidx.text.vTaskPrioritySet), (8 bytes).
    Removing tasks.o(.text.vTaskSuspend), (204 bytes).
    Removing tasks.o(.ARM.exidx.text.vTaskSuspend), (8 bytes).
    Removing tasks.o(.ARM.exidx.text.vTaskSwitchContext), (8 bytes).
    Removing tasks.o(.text.vTaskResume), (152 bytes).
    Removing tasks.o(.ARM.exidx.text.vTaskResume), (8 bytes).
    Removing tasks.o(.text.prvTaskIsTaskSuspended), (64 bytes).
    Removing tasks.o(.ARM.exidx.text.prvTaskIsTaskSuspended), (8 bytes).
    Removing tasks.o(.text.xTaskResumeFromISR), (188 bytes).
    Removing tasks.o(.ARM.exidx.text.xTaskResumeFromISR), (8 bytes).
    Removing tasks.o(.ARM.exidx.text.vTaskStartScheduler), (8 bytes).
    Removing tasks.o(.ARM.exidx.text.prvIdleTask), (8 bytes).
    Removing tasks.o(.text.vTaskEndScheduler), (32 bytes).
    Removing tasks.o(.ARM.exidx.text.vTaskEndScheduler), (8 bytes).
    Removing tasks.o(.ARM.exidx.text.xTaskIncrementTick), (8 bytes).
    Removing tasks.o(.text.xTaskGetTickCount), (12 bytes).
    Removing tasks.o(.ARM.exidx.text.xTaskGetTickCount), (8 bytes).
    Removing tasks.o(.text.xTaskGetTickCountFromISR), (16 bytes).
    Removing tasks.o(.ARM.exidx.text.xTaskGetTickCountFromISR), (8 bytes).
    Removing tasks.o(.ARM.exidx.text.uxTaskGetNumberOfTasks), (8 bytes).
    Removing tasks.o(.text.pcTaskGetName), (36 bytes).
    Removing tasks.o(.ARM.exidx.text.pcTaskGetName), (8 bytes).
    Removing tasks.o(.text.xTaskGetHandle), (148 bytes).
    Removing tasks.o(.ARM.exidx.text.xTaskGetHandle), (8 bytes).
    Removing tasks.o(.text.prvSearchForNameWithinSingleList), (82 bytes).
    Removing tasks.o(.ARM.exidx.text.prvSearchForNameWithinSingleList), (8 bytes).
    Removing tasks.o(.text.uxTaskGetSystemState), (176 bytes).
    Removing tasks.o(.ARM.exidx.text.uxTaskGetSystemState), (8 bytes).
    Removing tasks.o(.text.prvListTasksWithinSingleList), (84 bytes).
    Removing tasks.o(.ARM.exidx.text.prvListTasksWithinSingleList), (8 bytes).
    Removing tasks.o(.text.xTaskGetIdleTaskHandle), (32 bytes).
    Removing tasks.o(.ARM.exidx.text.xTaskGetIdleTaskHandle), (8 bytes).
    Removing tasks.o(.ARM.exidx.text.vTaskStepTick), (8 bytes).
    Removing tasks.o(.text.xTaskCatchUpTicks), (60 bytes).
    Removing tasks.o(.ARM.exidx.text.xTaskCatchUpTicks), (8 bytes).
    Removing tasks.o(.text.xTaskAbortDelay), (164 bytes).
    Removing tasks.o(.ARM.exidx.text.xTaskAbortDelay), (8 bytes).
    Removing tasks.o(.ARM.exidx.text.vTaskPlaceOnEventList), (8 bytes).
    Removing tasks.o(.text.vTaskPlaceOnUnorderedEventList), (116 bytes).
    Removing tasks.o(.ARM.exidx.text.vTaskPlaceOnUnorderedEventList), (8 bytes).
    Removing tasks.o(.ARM.exidx.text.xTaskRemoveFromEventList), (8 bytes).
    Removing tasks.o(.text.vTaskRemoveFromUnorderedEventList), (196 bytes).
    Removing tasks.o(.ARM.exidx.text.vTaskRemoveFromUnorderedEventList), (8 bytes).
    Removing tasks.o(.text.vTaskSetTimeOutState), (52 bytes).
    Removing tasks.o(.ARM.exidx.text.vTaskSetTimeOutState), (8 bytes).
    Removing tasks.o(.ARM.exidx.text.vTaskInternalSetTimeOutState), (8 bytes).
    Removing tasks.o(.ARM.exidx.text.xTaskCheckForTimeOut), (8 bytes).
    Removing tasks.o(.ARM.exidx.text.vTaskMissedYield), (8 bytes).
    Removing tasks.o(.text.uxTaskGetTaskNumber), (10 bytes).
    Removing tasks.o(.ARM.exidx.text.uxTaskGetTaskNumber), (8 bytes).
    Removing tasks.o(.text.vTaskSetTaskNumber), (6 bytes).
    Removing tasks.o(.ARM.exidx.text.vTaskSetTaskNumber), (8 bytes).
    Removing tasks.o(.ARM.exidx.text.eTaskConfirmSleepModeStatus), (8 bytes).
    Removing tasks.o(.text.vTaskGetInfo), (120 bytes).
    Removing tasks.o(.ARM.exidx.text.vTaskGetInfo), (8 bytes).
    Removing tasks.o(.text.prvTaskCheckFreeStackSpace), (18 bytes).
    Removing tasks.o(.ARM.exidx.text.prvTaskCheckFreeStackSpace), (8 bytes).
    Removing tasks.o(.text.uxTaskGetStackHighWaterMark2), (16 bytes).
    Removing tasks.o(.ARM.exidx.text.uxTaskGetStackHighWaterMark2), (8 bytes).
    Removing tasks.o(.text.uxTaskGetStackHighWaterMark), (20 bytes).
    Removing tasks.o(.ARM.exidx.text.uxTaskGetStackHighWaterMark), (8 bytes).
    Removing tasks.o(.text.xTaskGetCurrentTaskHandle), (12 bytes).
    Removing tasks.o(.ARM.exidx.text.xTaskGetCurrentTaskHandle), (8 bytes).
    Removing tasks.o(.ARM.exidx.text.xTaskGetSchedulerState), (8 bytes).
    Removing tasks.o(.ARM.exidx.text.xTaskPriorityInherit), (8 bytes).
    Removing tasks.o(.ARM.exidx.text.xTaskPriorityDisinherit), (8 bytes).
    Removing tasks.o(.ARM.exidx.text.vTaskPriorityDisinheritAfterTimeout), (8 bytes).
    Removing tasks.o(.text.uxTaskResetEventItemValue), (24 bytes).
    Removing tasks.o(.ARM.exidx.text.uxTaskResetEventItemValue), (8 bytes).
    Removing tasks.o(.ARM.exidx.text.pvTaskIncrementMutexHeldCount), (8 bytes).
    Removing tasks.o(.text.ulTaskGenericNotifyTake), (124 bytes).
    Removing tasks.o(.ARM.exidx.text.ulTaskGenericNotifyTake), (8 bytes).
    Removing tasks.o(.text.xTaskGenericNotifyWait), (152 bytes).
    Removing tasks.o(.ARM.exidx.text.xTaskGenericNotifyWait), (8 bytes).
    Removing tasks.o(.text.xTaskGenericNotify), (296 bytes).
    Removing tasks.o(.ARM.exidx.text.xTaskGenericNotify), (8 bytes).
    Removing tasks.o(.text.xTaskGenericNotifyFromISR), (340 bytes).
    Removing tasks.o(.ARM.exidx.text.xTaskGenericNotifyFromISR), (8 bytes).
    Removing tasks.o(.text.vTaskGenericNotifyGiveFromISR), (280 bytes).
    Removing tasks.o(.ARM.exidx.text.vTaskGenericNotifyGiveFromISR), (8 bytes).
    Removing tasks.o(.text.xTaskGenericNotifyStateClear), (64 bytes).
    Removing tasks.o(.ARM.exidx.text.xTaskGenericNotifyStateClear), (8 bytes).
    Removing tasks.o(.text.ulTaskGenericNotifyValueClear), (40 bytes).
    Removing tasks.o(.ARM.exidx.text.ulTaskGenericNotifyValueClear), (8 bytes).
    Removing tasks.o(.ARM.exidx.text.prvGetExpectedIdleTime), (8 bytes).

227 unused section(s) (total 7960 bytes) removed from the image.

==============================================================================

Image Symbol Table

    Local Symbols

    Symbol Name                              Value     Ov Type        Size  Object(Section)

    ../clib/angel/boardlib.s                 0x00000000   Number         0  boardinit1.o ABSOLUTE
    ../clib/angel/boardlib.s                 0x00000000   Number         0  boardinit2.o ABSOLUTE
    ../clib/angel/boardlib.s                 0x00000000   Number         0  boardinit3.o ABSOLUTE
    ../clib/angel/boardlib.s                 0x00000000   Number         0  boardshut.o ABSOLUTE
    ../clib/angel/handlers.s                 0x00000000   Number         0  __scatter_copy.o ABSOLUTE
    ../clib/angel/handlers.s                 0x00000000   Number         0  __scatter_zi.o ABSOLUTE
    ../clib/angel/kernel.s                   0x00000000   Number         0  __rtentry.o ABSOLUTE
    ../clib/angel/kernel.s                   0x00000000   Number         0  __rtentry2.o ABSOLUTE
    ../clib/angel/kernel.s                   0x00000000   Number         0  __rtentry4.o ABSOLUTE
    ../clib/angel/kernel.s                   0x00000000   Number         0  rtexit.o ABSOLUTE
    ../clib/angel/kernel.s                   0x00000000   Number         0  rtexit2.o ABSOLUTE
    ../clib/angel/rt.s                       0x00000000   Number         0  rt_raise.o ABSOLUTE
    ../clib/angel/scatter.s                  0x00000000   Number         0  __scatter.o ABSOLUTE
    ../clib/angel/startup.s                  0x00000000   Number         0  __main.o ABSOLUTE
    ../clib/angel/sys.s                      0x00000000   Number         0  sys_stackheap_outer.o ABSOLUTE
    ../clib/angel/sys.s                      0x00000000   Number         0  libspace.o ABSOLUTE
    ../clib/angel/sys.s                      0x00000000   Number         0  use_no_semi.o ABSOLUTE
    ../clib/angel/sys.s                      0x00000000   Number         0  indicate_semi.o ABSOLUTE
    ../clib/angel/sysapp.c                   0x00000000   Number         0  sys_exit.o ABSOLUTE
    ../clib/angel/sysapp.c                   0x00000000   Number         0  sys_exit_hlt.o ABSOLUTE
    ../clib/angel/sysapp.c                   0x00000000   Number         0  sys_command.o ABSOLUTE
    ../clib/angel/sysapp.c                   0x00000000   Number         0  sys_command_hlt.o ABSOLUTE
    ../clib/angel/sysapp.c                   0x00000000   Number         0  sys_wrch.o ABSOLUTE
    ../clib/angel/sysapp.c                   0x00000000   Number         0  sys_wrch_hlt.o ABSOLUTE
    ../clib/armsys.c                         0x00000000   Number         0  argv_veneer.o ABSOLUTE
    ../clib/armsys.c                         0x00000000   Number         0  argv_veneer.o ABSOLUTE
    ../clib/armsys.c                         0x00000000   Number         0  _get_argv_nomalloc.o ABSOLUTE
    ../clib/armsys.c                         0x00000000   Number         0  no_argv.o ABSOLUTE
    ../clib/heapalloc.c                      0x00000000   Number         0  hrguard.o ABSOLUTE
    ../clib/heapaux.c                        0x00000000   Number         0  heapauxi.o ABSOLUTE
    ../clib/libinit.s                        0x00000000   Number         0  libinit.o ABSOLUTE
    ../clib/libinit.s                        0x00000000   Number         0  libinit2.o ABSOLUTE
    ../clib/libinit.s                        0x00000000   Number         0  libshutdown.o ABSOLUTE
    ../clib/libinit.s                        0x00000000   Number         0  libshutdown2.o ABSOLUTE
    ../clib/memcpset.s                       0x00000000   Number         0  rt_memcpy_v6.o ABSOLUTE
    ../clib/memcpset.s                       0x00000000   Number         0  aeabi_memset4.o ABSOLUTE
    ../clib/memcpset.s                       0x00000000   Number         0  rt_memclr.o ABSOLUTE
    ../clib/memcpset.s                       0x00000000   Number         0  rt_memcpy_w.o ABSOLUTE
    ../clib/memcpset.s                       0x00000000   Number         0  rt_memclr_w.o ABSOLUTE
    ../clib/signal.c                         0x00000000   Number         0  defsig_rtmem_outer.o ABSOLUTE
    ../clib/signal.c                         0x00000000   Number         0  defsig_rtmem_formal.o ABSOLUTE
    ../clib/signal.c                         0x00000000   Number         0  defsig_exit.o ABSOLUTE
    ../clib/signal.c                         0x00000000   Number         0  defsig_rtmem_inner.o ABSOLUTE
    ../clib/signal.c                         0x00000000   Number         0  __raise.o ABSOLUTE
    ../clib/signal.c                         0x00000000   Number         0  defsig_general.o ABSOLUTE
    ../clib/signal.c                         0x00000000   Number         0  defsig_abrt_inner.o ABSOLUTE
    ../clib/signal.c                         0x00000000   Number         0  defsig_fpe_inner.o ABSOLUTE
    ../clib/signal.c                         0x00000000   Number         0  defsig_rtred_inner.o ABSOLUTE
    ../clib/signal.c                         0x00000000   Number         0  defsig_stak_inner.o ABSOLUTE
    ../clib/signal.c                         0x00000000   Number         0  defsig_pvfn_inner.o ABSOLUTE
    ../clib/signal.c                         0x00000000   Number         0  defsig_cppl_inner.o ABSOLUTE
    ../clib/signal.c                         0x00000000   Number         0  defsig_segv_inner.o ABSOLUTE
    ../clib/signal.c                         0x00000000   Number         0  defsig_other.o ABSOLUTE
    ../clib/signal.s                         0x00000000   Number         0  defsig.o ABSOLUTE
    ../clib/stdlib.c                         0x00000000   Number         0  exit.o ABSOLUTE
    ../clib/string.c                         0x00000000   Number         0  strlen.o ABSOLUTE
    ../fplib/fpinit.s                        0x00000000   Number         0  fpinit.o ABSOLUTE
    DIO.c                                    0x00000000   Number         0  dio.o ABSOLUTE
    RTE\Device\TM4C123GH6PM\startup_TM4C123.s 0x00000000   Number         0  startup_tm4c123.o ABSOLUTE
    dc.s                                     0x00000000   Number         0  dc.o ABSOLUTE
    freertos_evr.c                           0x00000000   Number         0  freertos_evr.o ABSOLUTE
    heap_1.c                                 0x00000000   Number         0  heap_1.o ABSOLUTE
    list.c                                   0x00000000   Number         0  list.o ABSOLUTE
    main.c                                   0x00000000   Number         0  main.o ABSOLUTE
    port.c                                   0x00000000   Number         0  port.o ABSOLUTE
    queue.c                                  0x00000000   Number         0  queue.o ABSOLUTE
    system_TM4C123.c                         0x00000000   Number         0  system_tm4c123.o ABSOLUTE
    tasks.c                                  0x00000000   Number         0  tasks.o ABSOLUTE
    RESET                                    0x00000000   Section      620  startup_tm4c123.o(RESET)
    !!!main                                  0x0000026c   Section        8  __main.o(!!!main)
    !!!scatter                               0x00000274   Section       52  __scatter.o(!!!scatter)
    !!handler_copy                           0x000002a8   Section       26  __scatter_copy.o(!!handler_copy)
    !!handler_zi                             0x000002c4   Section       28  __scatter_zi.o(!!handler_zi)
    .ARM.Collect$$libinit$$00000000          0x000002e0   Section        2  libinit.o(.ARM.Collect$$libinit$$00000000)
    .ARM.Collect$$libinit$$00000001          0x000002e2   Section        4  libinit2.o(.ARM.Collect$$libinit$$00000001)
    .ARM.Collect$$libinit$$00000004          0x000002e6   Section        0  libinit2.o(.ARM.Collect$$libinit$$00000004)
    .ARM.Collect$$libinit$$0000000A          0x000002e6   Section        0  libinit2.o(.ARM.Collect$$libinit$$0000000A)
    .ARM.Collect$$libinit$$0000000C          0x000002e6   Section        0  libinit2.o(.ARM.Collect$$libinit$$0000000C)
    .ARM.Collect$$libinit$$0000000E          0x000002e6   Section        0  libinit2.o(.ARM.Collect$$libinit$$0000000E)
    .ARM.Collect$$libinit$$00000011          0x000002e6   Section        0  libinit2.o(.ARM.Collect$$libinit$$00000011)
    .ARM.Collect$$libinit$$00000013          0x000002e6   Section        0  libinit2.o(.ARM.Collect$$libinit$$00000013)
    .ARM.Collect$$libinit$$00000015          0x000002e6   Section        0  libinit2.o(.ARM.Collect$$libinit$$00000015)
    .ARM.Collect$$libinit$$00000017          0x000002e6   Section        0  libinit2.o(.ARM.Collect$$libinit$$00000017)
    .ARM.Collect$$libinit$$00000019          0x000002e6   Section        0  libinit2.o(.ARM.Collect$$libinit$$00000019)
    .ARM.Collect$$libinit$$0000001B          0x000002e6   Section        0  libinit2.o(.ARM.Collect$$libinit$$0000001B)
    .ARM.Collect$$libinit$$0000001D          0x000002e6   Section        0  libinit2.o(.ARM.Collect$$libinit$$0000001D)
    .ARM.Collect$$libinit$$0000001F          0x000002e6   Section        0  libinit2.o(.ARM.Collect$$libinit$$0000001F)
    .ARM.Collect$$libinit$$00000021          0x000002e6   Section        0  libinit2.o(.ARM.Collect$$libinit$$00000021)
    .ARM.Collect$$libinit$$00000023          0x000002e6   Section        0  libinit2.o(.ARM.Collect$$libinit$$00000023)
    .ARM.Collect$$libinit$$00000025          0x000002e6   Section        0  libinit2.o(.ARM.Collect$$libinit$$00000025)
    .ARM.Collect$$libinit$$0000002C          0x000002e6   Section        0  libinit2.o(.ARM.Collect$$libinit$$0000002C)
    .ARM.Collect$$libinit$$0000002E          0x000002e6   Section        0  libinit2.o(.ARM.Collect$$libinit$$0000002E)
    .ARM.Collect$$libinit$$00000030          0x000002e6   Section        0  libinit2.o(.ARM.Collect$$libinit$$00000030)
    .ARM.Collect$$libinit$$00000032          0x000002e6   Section        0  libinit2.o(.ARM.Collect$$libinit$$00000032)
    .ARM.Collect$$libinit$$00000033          0x000002e6   Section        2  libinit2.o(.ARM.Collect$$libinit$$00000033)
    .ARM.Collect$$libshutdown$$00000000      0x000002e8   Section        2  libshutdown.o(.ARM.Collect$$libshutdown$$00000000)
    .ARM.Collect$$libshutdown$$00000002      0x000002ea   Section        0  libshutdown2.o(.ARM.Collect$$libshutdown$$00000002)
    .ARM.Collect$$libshutdown$$00000004      0x000002ea   Section        0  libshutdown2.o(.ARM.Collect$$libshutdown$$00000004)
    .ARM.Collect$$libshutdown$$00000007      0x000002ea   Section        0  libshutdown2.o(.ARM.Collect$$libshutdown$$00000007)
    .ARM.Collect$$libshutdown$$0000000A      0x000002ea   Section        0  libshutdown2.o(.ARM.Collect$$libshutdown$$0000000A)
    .ARM.Collect$$libshutdown$$0000000C      0x000002ea   Section        0  libshutdown2.o(.ARM.Collect$$libshutdown$$0000000C)
    .ARM.Collect$$libshutdown$$0000000F      0x000002ea   Section        0  libshutdown2.o(.ARM.Collect$$libshutdown$$0000000F)
    .ARM.Collect$$libshutdown$$00000010      0x000002ea   Section        2  libshutdown2.o(.ARM.Collect$$libshutdown$$00000010)
    .ARM.Collect$$rtentry$$00000000          0x000002ec   Section        0  __rtentry.o(.ARM.Collect$$rtentry$$00000000)
    .ARM.Collect$$rtentry$$00000002          0x000002ec   Section        0  __rtentry2.o(.ARM.Collect$$rtentry$$00000002)
    .ARM.Collect$$rtentry$$00000004          0x000002ec   Section        6  __rtentry4.o(.ARM.Collect$$rtentry$$00000004)
    .ARM.Collect$$rtentry$$00000009          0x000002f2   Section        0  __rtentry2.o(.ARM.Collect$$rtentry$$00000009)
    .ARM.Collect$$rtentry$$0000000A          0x000002f2   Section        4  __rtentry2.o(.ARM.Collect$$rtentry$$0000000A)
    .ARM.Collect$$rtentry$$0000000C          0x000002f6   Section        0  __rtentry2.o(.ARM.Collect$$rtentry$$0000000C)
    .ARM.Collect$$rtentry$$0000000D          0x000002f6   Section        8  __rtentry2.o(.ARM.Collect$$rtentry$$0000000D)
    .ARM.Collect$$rtexit$$00000000           0x000002fe   Section        2  rtexit.o(.ARM.Collect$$rtexit$$00000000)
    .ARM.Collect$$rtexit$$00000002           0x00000300   Section        0  rtexit2.o(.ARM.Collect$$rtexit$$00000002)
    .ARM.Collect$$rtexit$$00000003           0x00000300   Section        4  rtexit2.o(.ARM.Collect$$rtexit$$00000003)
    .ARM.Collect$$rtexit$$00000004           0x00000304   Section        6  rtexit2.o(.ARM.Collect$$rtexit$$00000004)
    $v0                                      0x0000030c   Number         0  startup_tm4c123.o(.text)
    .text                                    0x0000030c   Section      276  startup_tm4c123.o(.text)
    .text                                    0x00000420   Section      138  rt_memcpy_v6.o(.text)
    .text                                    0x000004aa   Section       16  aeabi_memset4.o(.text)
    .text                                    0x000004ba   Section       68  rt_memclr.o(.text)
    .text                                    0x000004fe   Section        0  heapauxi.o(.text)
    .text                                    0x00000504   Section      100  rt_memcpy_w.o(.text)
    .text                                    0x00000568   Section       78  rt_memclr_w.o(.text)
    .text                                    0x000005b6   Section       74  sys_stackheap_outer.o(.text)
    .text                                    0x00000600   Section        0  exit.o(.text)
    .text                                    0x00000614   Section        8  libspace.o(.text)
    .text                                    0x0000061c   Section        0  sys_exit.o(.text)
    .text                                    0x00000628   Section        2  use_no_semi.o(.text)
    .text                                    0x0000062a   Section        0  indicate_semi.o(.text)
    [Anonymous Symbol]                       0x0000062c   Section        0  main.o(.text.GPIOF_Handler)
    __arm_cp.6_2                             0x00000674   Number         4  main.o(.text.GPIOF_Handler)
    [Anonymous Symbol]                       0x00000678   Section        0  main.o(.text.Init)
    [Anonymous Symbol]                       0x00000690   Section        0  port.o(.text.PendSV_Handler)
    pxCurrentTCBConst                        0x000006f0   Number         0  port.o(.text.PendSV_Handler)
    [Anonymous Symbol]                       0x000006f4   Section        0  main.o(.text.PortF_Init)
    __arm_cp.0_1                             0x00000750   Number         4  main.o(.text.PortF_Init)
    __arm_cp.0_2                             0x00000754   Number         4  main.o(.text.PortF_Init)
    __arm_cp.0_3                             0x00000758   Number         4  main.o(.text.PortF_Init)
    [Anonymous Symbol]                       0x00000760   Section        0  port.o(.text.SVC_Handler)
    pxCurrentTCBConst2                       0x00000780   Number         0  port.o(.text.SVC_Handler)
    [Anonymous Symbol]                       0x00000784   Section        0  port.o(.text.SysTick_Handler)
    __arm_cp.11_0                            0x000007ac   Number         4  port.o(.text.SysTick_Handler)
    [Anonymous Symbol]                       0x000007b0   Section        0  system_tm4c123.o(.text.SystemInit)
    __arm_cp.2_0                             0x000007bc   Number         4  system_tm4c123.o(.text.SystemInit)
    [Anonymous Symbol]                       0x000007c0   Section        0  main.o(.text.UART0_init)
    __arm_cp.2_0                             0x0000080c   Number         4  main.o(.text.UART0_init)
    __arm_cp.2_1                             0x00000810   Number         4  main.o(.text.UART0_init)
    __arm_cp.2_2                             0x00000814   Number         4  main.o(.text.UART0_init)
    __arm_cp.2_3                             0x00000818   Number         4  main.o(.text.UART0_init)
    [Anonymous Symbol]                       0x0000081c   Section        0  main.o(.text.UART_Write)
    __arm_cp.4_0                             0x00000828   Number         4  main.o(.text.UART_Write)
    [Anonymous Symbol]                       0x0000082c   Section        0  main.o(.text.UART_Write_String)
    [Anonymous Symbol]                       0x00000840   Section        0  tasks.o(.text.eTaskConfirmSleepModeStatus)
    [Anonymous Symbol]                       0x00000864   Section        0  main.o(.text.main)
    __arm_cp.7_0                             0x000008b4   Number         4  main.o(.text.main)
    __arm_cp.7_1                             0x000008b8   Number         4  main.o(.text.main)
    __arm_cp.7_3                             0x000008c4   Number         4  main.o(.text.main)
    prvAddCurrentTaskToDelayedList           0x000008d5   Thumb Code   152  tasks.o(.text.prvAddCurrentTaskToDelayedList)
    [Anonymous Symbol]                       0x000008d4   Section        0  tasks.o(.text.prvAddCurrentTaskToDelayedList)
    prvCopyDataToQueue                       0x0000096d   Thumb Code   112  queue.o(.text.prvCopyDataToQueue)
    [Anonymous Symbol]                       0x0000096c   Section        0  queue.o(.text.prvCopyDataToQueue)
    prvDeleteTCB                             0x000009dd   Thumb Code    20  tasks.o(.text.prvDeleteTCB)
    [Anonymous Symbol]                       0x000009dc   Section        0  tasks.o(.text.prvDeleteTCB)
    prvGetExpectedIdleTime                   0x000009f1   Thumb Code    40  tasks.o(.text.prvGetExpectedIdleTime)
    [Anonymous Symbol]                       0x000009f0   Section        0  tasks.o(.text.prvGetExpectedIdleTime)
    __arm_cp.63_1                            0x00000a14   Number         4  tasks.o(.text.prvGetExpectedIdleTime)
    prvIdleTask                              0x00000a19   Thumb Code   140  tasks.o(.text.prvIdleTask)
    [Anonymous Symbol]                       0x00000a18   Section        0  tasks.o(.text.prvIdleTask)
    __arm_cp.19_1                            0x00000a9c   Number         4  tasks.o(.text.prvIdleTask)
    __arm_cp.19_2                            0x00000aa0   Number         4  tasks.o(.text.prvIdleTask)
    prvIsQueueEmpty                          0x00000aa5   Thumb Code    24  queue.o(.text.prvIsQueueEmpty)
    [Anonymous Symbol]                       0x00000aa4   Section        0  queue.o(.text.prvIsQueueEmpty)
    prvNotifyQueueSetContainer               0x00000abd   Thumb Code   146  queue.o(.text.prvNotifyQueueSetContainer)
    [Anonymous Symbol]                       0x00000abc   Section        0  queue.o(.text.prvNotifyQueueSetContainer)
    prvPortStartFirstTask                    0x00000b51   Thumb Code    40  port.o(.text.prvPortStartFirstTask)
    [Anonymous Symbol]                       0x00000b50   Section        0  port.o(.text.prvPortStartFirstTask)
    prvResetNextTaskUnblockTime              0x00000b79   Thumb Code    28  tasks.o(.text.prvResetNextTaskUnblockTime)
    [Anonymous Symbol]                       0x00000b78   Section        0  tasks.o(.text.prvResetNextTaskUnblockTime)
    __arm_cp.2_0                             0x00000b90   Number         4  tasks.o(.text.prvResetNextTaskUnblockTime)
    prvTaskExitError                         0x00000b95   Thumb Code    44  port.o(.text.prvTaskExitError)
    [Anonymous Symbol]                       0x00000b94   Section        0  port.o(.text.prvTaskExitError)
    prvUnlockQueue                           0x00000bc1   Thumb Code   116  queue.o(.text.prvUnlockQueue)
    [Anonymous Symbol]                       0x00000bc0   Section        0  queue.o(.text.prvUnlockQueue)
    [Anonymous Symbol]                       0x00000c34   Section        0  main.o(.text.psh_btn_init)
    __arm_cp.1_0                             0x00000c68   Number         4  main.o(.text.psh_btn_init)
    __arm_cp.1_1                             0x00000c6c   Number         4  main.o(.text.psh_btn_init)
    __arm_cp.1_2                             0x00000c70   Number         4  main.o(.text.psh_btn_init)
    __arm_cp.1_3                             0x00000c74   Number         4  main.o(.text.psh_btn_init)
    [Anonymous Symbol]                       0x00000c78   Section        0  heap_1.o(.text.pvPortMalloc)
    __arm_cp.0_0                             0x00000cc8   Number         4  heap_1.o(.text.pvPortMalloc)
    __arm_cp.0_1                             0x00000ccc   Number         4  heap_1.o(.text.pvPortMalloc)
    [Anonymous Symbol]                       0x00000cd0   Section        0  tasks.o(.text.pvTaskIncrementMutexHeldCount)
    __arm_cp.55_0                            0x00000ce4   Number         4  tasks.o(.text.pvTaskIncrementMutexHeldCount)
    [Anonymous Symbol]                       0x00000ce8   Section        0  port.o(.text.pxPortInitialiseStack)
    __arm_cp.0_0                             0x00000d08   Number         4  port.o(.text.pxPortInitialiseStack)
    [Anonymous Symbol]                       0x00000d0c   Section        0  list.o(.text.uxListRemove)
    [Anonymous Symbol]                       0x00000d30   Section        0  tasks.o(.text.uxTaskGetNumberOfTasks)
    __arm_cp.24_0                            0x00000d38   Number         4  tasks.o(.text.uxTaskGetNumberOfTasks)
    vHandlerTask                             0x00000d3d   Thumb Code    72  main.o(.text.vHandlerTask)
    [Anonymous Symbol]                       0x00000d3c   Section        0  main.o(.text.vHandlerTask)
    __arm_cp.8_0                             0x00000d5c   Number         4  main.o(.text.vHandlerTask)
    [Anonymous Symbol]                       0x00000d84   Section        0  list.o(.text.vListInitialise)
    [Anonymous Symbol]                       0x00000d9a   Section        0  list.o(.text.vListInitialiseItem)
    [Anonymous Symbol]                       0x00000da0   Section        0  list.o(.text.vListInsert)
    vPeriodicTask                            0x00000dd1   Thumb Code    72  main.o(.text.vPeriodicTask)
    [Anonymous Symbol]                       0x00000dd0   Section        0  main.o(.text.vPeriodicTask)
    vPortEnableVFP                           0x00000e19   Thumb Code    20  port.o(.text.vPortEnableVFP)
    [Anonymous Symbol]                       0x00000e18   Section        0  port.o(.text.vPortEnableVFP)
    [Anonymous Symbol]                       0x00000e2c   Section        0  port.o(.text.vPortEnterCritical)
    [Anonymous Symbol]                       0x00000e64   Section        0  port.o(.text.vPortExitCritical)
    __arm_cp.9_0                             0x00000e8c   Number         4  port.o(.text.vPortExitCritical)
    [Anonymous Symbol]                       0x00000e90   Section        0  heap_1.o(.text.vPortFree)
    [Anonymous Symbol]                       0x00000ea8   Section        0  port.o(.text.vPortSetupTimerInterrupt)
    __arm_cp.4_1                             0x00000ee0   Number         4  port.o(.text.vPortSetupTimerInterrupt)
    [Anonymous Symbol]                       0x00000ee4   Section        0  port.o(.text.vPortSuppressTicksAndSleep)
    __arm_cp.12_1                            0x00000fc8   Number         4  port.o(.text.vPortSuppressTicksAndSleep)
    [Anonymous Symbol]                       0x00000fcc   Section        0  port.o(.text.vPortValidateInterruptPriority)
    __arm_cp.13_0                            0x00001018   Number         4  port.o(.text.vPortValidateInterruptPriority)
    __arm_cp.13_1                            0x0000101c   Number         4  port.o(.text.vPortValidateInterruptPriority)
    __arm_cp.13_2                            0x00001020   Number         4  port.o(.text.vPortValidateInterruptPriority)
    [Anonymous Symbol]                       0x00001024   Section        0  tasks.o(.text.vTaskDelay)
    __arm_cp.8_1                             0x00001068   Number         4  tasks.o(.text.vTaskDelay)
    [Anonymous Symbol]                       0x0000106c   Section        0  tasks.o(.text.vTaskInternalSetTimeOutState)
    [Anonymous Symbol]                       0x00001078   Section        0  tasks.o(.text.vTaskMissedYield)
    __arm_cp.41_0                            0x00001080   Number         4  tasks.o(.text.vTaskMissedYield)
    [Anonymous Symbol]                       0x00001084   Section        0  tasks.o(.text.vTaskPlaceOnEventList)
    [Anonymous Symbol]                       0x000010b4   Section        0  tasks.o(.text.vTaskPriorityDisinheritAfterTimeout)
    [Anonymous Symbol]                       0x00001160   Section        0  tasks.o(.text.vTaskStartScheduler)
    __arm_cp.18_0                            0x000011c0   Number         4  tasks.o(.text.vTaskStartScheduler)
    __arm_cp.18_1                            0x000011c4   Number         4  tasks.o(.text.vTaskStartScheduler)
    __arm_cp.18_3                            0x000011d0   Number         4  tasks.o(.text.vTaskStartScheduler)
    [Anonymous Symbol]                       0x000011d4   Section        0  tasks.o(.text.vTaskStepTick)
    [Anonymous Symbol]                       0x00001244   Section        0  tasks.o(.text.vTaskSuspendAll)
    __tagsym$$used.0                         0x00001250   Number         0  tasks.o(.text.vTaskSwitchContext)
    [Anonymous Symbol]                       0x00001250   Section        0  tasks.o(.text.vTaskSwitchContext)
    __arm_cp.14_0                            0x000012a8   Number         4  tasks.o(.text.vTaskSwitchContext)
    __arm_cp.14_1                            0x000012ac   Number         4  tasks.o(.text.vTaskSwitchContext)
    __arm_cp.14_2                            0x000012b0   Number         4  tasks.o(.text.vTaskSwitchContext)
    [Anonymous Symbol]                       0x000012b4   Section        0  port.o(.text.xPortStartScheduler)
    __arm_cp.3_0                             0x00001380   Number         4  port.o(.text.xPortStartScheduler)
    __arm_cp.3_1                             0x00001384   Number         4  port.o(.text.xPortStartScheduler)
    __arm_cp.3_2                             0x00001388   Number         4  port.o(.text.xPortStartScheduler)
    __arm_cp.3_3                             0x0000138c   Number         4  port.o(.text.xPortStartScheduler)
    __arm_cp.3_4                             0x00001390   Number         4  port.o(.text.xPortStartScheduler)
    __arm_cp.3_5                             0x00001394   Number         4  port.o(.text.xPortStartScheduler)
    [Anonymous Symbol]                       0x00001398   Section        0  queue.o(.text.xQueueGenericCreate)
    [Anonymous Symbol]                       0x000013f8   Section        0  queue.o(.text.xQueueGenericReset)
    [Anonymous Symbol]                       0x00001490   Section        0  queue.o(.text.xQueueGenericSend)
    __arm_cp.6_0                             0x00001638   Number         4  queue.o(.text.xQueueGenericSend)
    [Anonymous Symbol]                       0x0000163c   Section        0  queue.o(.text.xQueueGiveFromISR)
    [Anonymous Symbol]                       0x00001714   Section        0  queue.o(.text.xQueueSemaphoreTake)
    __arm_cp.8_0                             0x00001888   Number         4  queue.o(.text.xQueueSemaphoreTake)
    [Anonymous Symbol]                       0x0000188c   Section        0  tasks.o(.text.xTaskCheckForTimeOut)
    [Anonymous Symbol]                       0x00001910   Section        0  tasks.o(.text.xTaskCreate)
    __arm_cp.0_3                             0x00001aac   Number         4  tasks.o(.text.xTaskCreate)
    __arm_cp.0_4                             0x00001ab0   Number         4  tasks.o(.text.xTaskCreate)
    __arm_cp.0_5                             0x00001ab4   Number         4  tasks.o(.text.xTaskCreate)
    [Anonymous Symbol]                       0x00001ab8   Section        0  tasks.o(.text.xTaskGetSchedulerState)
    [Anonymous Symbol]                       0x00001ad0   Section        0  tasks.o(.text.xTaskIncrementTick)
    __arm_cp.21_0                            0x00001bf4   Number         4  tasks.o(.text.xTaskIncrementTick)
    __arm_cp.21_2                            0x00001bf8   Number         4  tasks.o(.text.xTaskIncrementTick)
    [Anonymous Symbol]                       0x00001bfc   Section        0  tasks.o(.text.xTaskPriorityDisinherit)
    [Anonymous Symbol]                       0x00001ca4   Section        0  tasks.o(.text.xTaskPriorityInherit)
    __arm_cp.51_1                            0x00001d48   Number         4  tasks.o(.text.xTaskPriorityInherit)
    __arm_cp.51_2                            0x00001d4c   Number         4  tasks.o(.text.xTaskPriorityInherit)
    [Anonymous Symbol]                       0x00001d50   Section        0  tasks.o(.text.xTaskRemoveFromEventList)
    __arm_cp.36_0                            0x00001e14   Number         4  tasks.o(.text.xTaskRemoveFromEventList)
    __arm_cp.36_1                            0x00001e18   Number         4  tasks.o(.text.xTaskRemoveFromEventList)
    [Anonymous Symbol]                       0x00001e1c   Section        0  tasks.o(.text.xTaskResumeAll)
    __arm_cp.7_0                             0x00001f28   Number         4  tasks.o(.text.xTaskResumeAll)
    __arm_cp.7_1                             0x00001f2c   Number         4  tasks.o(.text.xTaskResumeAll)
    __arm_cp.7_2                             0x00001f30   Number         4  tasks.o(.text.xTaskResumeAll)
    __arm_cp.7_3                             0x00001f34   Number         4  tasks.o(.text.xTaskResumeAll)
    $v0                                      0x00001f38   Number         0  fpinit.o(x$fpl$fpinit)
    x$fpl$fpinit                             0x00001f38   Section       26  fpinit.o(x$fpl$fpinit)
    uxCriticalNesting                        0x20000004   Data           4  port.o(.data.uxCriticalNesting)
    [Anonymous Symbol]                       0x20000004   Section        0  port.o(.data.uxCriticalNesting)
    .bss                                     0x20000008   Section       96  libspace.o(.bss)
    ucMaxSysCallPriority                     0x20000068   Data           1  port.o(.bss..L_MergedGlobals)
    [Anonymous Symbol]                       0x20000068   Section        0  port.o(.bss..L_MergedGlobals)
    ulStoppedTimerCompensation               0x2000006c   Data           1  port.o(.bss..L_MergedGlobals)
    ulMaxPRIGROUPValue                       0x20000070   Data           4  port.o(.bss..L_MergedGlobals)
    xMaximumPossibleSuppressedTicks          0x20000074   Data           4  port.o(.bss..L_MergedGlobals)
    ulTimerCountsForOneTick                  0x20000078   Data           4  port.o(.bss..L_MergedGlobals)
    pvPortMalloc.pucAlignedHeap              0x2000007c   Data           4  heap_1.o(.bss..L_MergedGlobals)
    [Anonymous Symbol]                       0x2000007c   Section        0  heap_1.o(.bss..L_MergedGlobals)
    xNextFreeByte                            0x20000080   Data           4  heap_1.o(.bss..L_MergedGlobals)
    uxTopReadyPriority                       0x20000084   Data           4  tasks.o(.bss..L_MergedGlobals)
    [Anonymous Symbol]                       0x20000084   Section        0  tasks.o(.bss..L_MergedGlobals)
    uxTaskNumber                             0x20000088   Data           4  tasks.o(.bss..L_MergedGlobals)
    uxDeletedTasksWaitingCleanUp             0x2000008c   Data           4  tasks.o(.bss..L_MergedGlobals)
    uxCurrentNumberOfTasks                   0x20000090   Data           4  tasks.o(.bss..L_MergedGlobals)
    xSchedulerRunning                        0x20000094   Data           4  tasks.o(.bss..L_MergedGlobals)
    uxSchedulerSuspended                     0x20000098   Data           4  tasks.o(.bss..L_MergedGlobals)
    xTickCount                               0x2000009c   Data           4  tasks.o(.bss..L_MergedGlobals)
    pxDelayedTaskList                        0x200000a0   Data           4  tasks.o(.bss..L_MergedGlobals)
    pxOverflowDelayedTaskList                0x200000a4   Data           4  tasks.o(.bss..L_MergedGlobals)
    xYieldPending                            0x200000a8   Data           4  tasks.o(.bss..L_MergedGlobals)
    xIdleTaskHandle                          0x200000ac   Data           4  tasks.o(.bss..L_MergedGlobals)
    xNextTaskUnblockTime                     0x200000b0   Data           4  tasks.o(.bss..L_MergedGlobals)
    xPendedTicks                             0x200000b4   Data           4  tasks.o(.bss..L_MergedGlobals)
    xNumOfOverflows                          0x200000b8   Data           4  tasks.o(.bss..L_MergedGlobals)
    xTasksWaitingTermination                 0x200000bc   Data          20  tasks.o(.bss..L_MergedGlobals)
    xSuspendedTaskList                       0x200000d0   Data          20  tasks.o(.bss..L_MergedGlobals)
    xPendingReadyList                        0x200000e4   Data          20  tasks.o(.bss..L_MergedGlobals)
    xDelayedTaskList1                        0x200000f8   Data          20  tasks.o(.bss..L_MergedGlobals.1)
    [Anonymous Symbol]                       0x200000f8   Section        0  tasks.o(.bss..L_MergedGlobals.1)
    xDelayedTaskList2                        0x2000010c   Data          20  tasks.o(.bss..L_MergedGlobals.1)
    __tagsym$$used.1                         0x20000120   Number         0  tasks.o(.bss.pxCurrentTCB)
    pxReadyTasksLists                        0x20000124   Data         100  tasks.o(.bss.pxReadyTasksLists)
    [Anonymous Symbol]                       0x20000124   Section        0  tasks.o(.bss.pxReadyTasksLists)
    ucHeap                                   0x20000188   Data        4096  heap_1.o(.bss.ucHeap)
    [Anonymous Symbol]                       0x20000188   Section        0  heap_1.o(.bss.ucHeap)
    Heap_Mem                                 0x20001190   Data           0  startup_tm4c123.o(HEAP)
    Stack_Mem                                0x20001190   Data         512  startup_tm4c123.o(STACK)
    HEAP                                     0x20001190   Section        0  startup_tm4c123.o(HEAP)
    STACK                                    0x20001190   Section      512  startup_tm4c123.o(STACK)
    __initial_sp                             0x20001390   Data           0  startup_tm4c123.o(STACK)

    Global Symbols

    Symbol Name                              Value     Ov Type        Size  Object(Section)

    BuildAttributes$$THM_ISAv4$E$P$D$K$B$S$7EM$VFPi3$EXTD16$VFPS$VFMA$PE$A:L22UL41UL21$X:L11$S22US41US21$IEEE1$IW$~IW$USESV6$~STKCKD$USESV7$~SHL$OSPACE$ROPI$EBA8$UX$STANDARDLIB$REQ8$PRES8$EABIv2 0x00000000   Number         0  anon$$obj.o ABSOLUTE
    __Vectors                                0x00000000   Data           4  startup_tm4c123.o(RESET)
    __ARM_exceptions_init                     - Undefined Weak Reference
    __alloca_initialize                       - Undefined Weak Reference
    __arm_preinit_                            - Undefined Weak Reference
    __cpp_initialize__aeabi_                  - Undefined Weak Reference
    __cxa_finalize                            - Undefined Weak Reference
    __rt_locale                               - Undefined Weak Reference
    __sigvec_lookup                           - Undefined Weak Reference
    _atexit_init                              - Undefined Weak Reference
    _call_atexit_fns                          - Undefined Weak Reference
    _clock_init                               - Undefined Weak Reference
    _fp_trap_init                             - Undefined Weak Reference
    _fp_trap_shutdown                         - Undefined Weak Reference
    _get_lc_collate                           - Undefined Weak Reference
    _get_lc_ctype                             - Undefined Weak Reference
    _get_lc_monetary                          - Undefined Weak Reference
    _get_lc_numeric                           - Undefined Weak Reference
    _get_lc_time                              - Undefined Weak Reference
    _getenv_init                              - Undefined Weak Reference
    _handle_redirection                       - Undefined Weak Reference
    _init_alloc                               - Undefined Weak Reference
    _init_user_alloc                          - Undefined Weak Reference
    _initio                                   - Undefined Weak Reference
    _rand_init                                - Undefined Weak Reference
    _signal_finish                            - Undefined Weak Reference
    _signal_init                              - Undefined Weak Reference
    _terminate_alloc                          - Undefined Weak Reference
    _terminate_user_alloc                     - Undefined Weak Reference
    _terminateio                              - Undefined Weak Reference
    __Vectors_End                            0x0000026c   Data           0  startup_tm4c123.o(RESET)
    __Vectors_Size                           0x0000026c   Number         0  startup_tm4c123.o ABSOLUTE
    __main                                   0x0000026d   Thumb Code     8  __main.o(!!!main)
    __scatterload                            0x00000275   Thumb Code     0  __scatter.o(!!!scatter)
    __scatterload_rt2                        0x00000275   Thumb Code    44  __scatter.o(!!!scatter)
    __scatterload_rt2_thumb_only             0x00000275   Thumb Code     0  __scatter.o(!!!scatter)
    __scatterload_null                       0x00000283   Thumb Code     0  __scatter.o(!!!scatter)
    __scatterload_copy                       0x000002a9   Thumb Code    26  __scatter_copy.o(!!handler_copy)
    __scatterload_zeroinit                   0x000002c5   Thumb Code    28  __scatter_zi.o(!!handler_zi)
    __rt_lib_init                            0x000002e1   Thumb Code     0  libinit.o(.ARM.Collect$$libinit$$00000000)
    __rt_lib_init_fp_1                       0x000002e3   Thumb Code     0  libinit2.o(.ARM.Collect$$libinit$$00000001)
    __rt_lib_init_alloca_1                   0x000002e7   Thumb Code     0  libinit2.o(.ARM.Collect$$libinit$$0000002E)
    __rt_lib_init_argv_1                     0x000002e7   Thumb Code     0  libinit2.o(.ARM.Collect$$libinit$$0000002C)
    __rt_lib_init_atexit_1                   0x000002e7   Thumb Code     0  libinit2.o(.ARM.Collect$$libinit$$0000001B)
    __rt_lib_init_clock_1                    0x000002e7   Thumb Code     0  libinit2.o(.ARM.Collect$$libinit$$00000021)
    __rt_lib_init_cpp_1                      0x000002e7   Thumb Code     0  libinit2.o(.ARM.Collect$$libinit$$00000032)
    __rt_lib_init_exceptions_1               0x000002e7   Thumb Code     0  libinit2.o(.ARM.Collect$$libinit$$00000030)
    __rt_lib_init_fp_trap_1                  0x000002e7   Thumb Code     0  libinit2.o(.ARM.Collect$$libinit$$0000001F)
    __rt_lib_init_getenv_1                   0x000002e7   Thumb Code     0  libinit2.o(.ARM.Collect$$libinit$$00000023)
    __rt_lib_init_heap_1                     0x000002e7   Thumb Code     0  libinit2.o(.ARM.Collect$$libinit$$0000000A)
    __rt_lib_init_lc_collate_1               0x000002e7   Thumb Code     0  libinit2.o(.ARM.Collect$$libinit$$00000011)
    __rt_lib_init_lc_ctype_1                 0x000002e7   Thumb Code     0  libinit2.o(.ARM.Collect$$libinit$$00000013)
    __rt_lib_init_lc_monetary_1              0x000002e7   Thumb Code     0  libinit2.o(.ARM.Collect$$libinit$$00000015)
    __rt_lib_init_lc_numeric_1               0x000002e7   Thumb Code     0  libinit2.o(.ARM.Collect$$libinit$$00000017)
    __rt_lib_init_lc_time_1                  0x000002e7   Thumb Code     0  libinit2.o(.ARM.Collect$$libinit$$00000019)
    __rt_lib_init_preinit_1                  0x000002e7   Thumb Code     0  libinit2.o(.ARM.Collect$$libinit$$00000004)
    __rt_lib_init_rand_1                     0x000002e7   Thumb Code     0  libinit2.o(.ARM.Collect$$libinit$$0000000E)
    __rt_lib_init_return                     0x000002e7   Thumb Code     0  libinit2.o(.ARM.Collect$$libinit$$00000033)
    __rt_lib_init_signal_1                   0x000002e7   Thumb Code     0  libinit2.o(.ARM.Collect$$libinit$$0000001D)
    __rt_lib_init_stdio_1                    0x000002e7   Thumb Code     0  libinit2.o(.ARM.Collect$$libinit$$00000025)
    __rt_lib_init_user_alloc_1               0x000002e7   Thumb Code     0  libinit2.o(.ARM.Collect$$libinit$$0000000C)
    __rt_lib_shutdown                        0x000002e9   Thumb Code     0  libshutdown.o(.ARM.Collect$$libshutdown$$00000000)
    __rt_lib_shutdown_cpp_1                  0x000002eb   Thumb Code     0  libshutdown2.o(.ARM.Collect$$libshutdown$$00000002)
    __rt_lib_shutdown_fp_trap_1              0x000002eb   Thumb Code     0  libshutdown2.o(.ARM.Collect$$libshutdown$$00000007)
    __rt_lib_shutdown_heap_1                 0x000002eb   Thumb Code     0  libshutdown2.o(.ARM.Collect$$libshutdown$$0000000F)
    __rt_lib_shutdown_return                 0x000002eb   Thumb Code     0  libshutdown2.o(.ARM.Collect$$libshutdown$$00000010)
    __rt_lib_shutdown_signal_1               0x000002eb   Thumb Code     0  libshutdown2.o(.ARM.Collect$$libshutdown$$0000000A)
    __rt_lib_shutdown_stdio_1                0x000002eb   Thumb Code     0  libshutdown2.o(.ARM.Collect$$libshutdown$$00000004)
    __rt_lib_shutdown_user_alloc_1           0x000002eb   Thumb Code     0  libshutdown2.o(.ARM.Collect$$libshutdown$$0000000C)
    __rt_entry                               0x000002ed   Thumb Code     0  __rtentry.o(.ARM.Collect$$rtentry$$00000000)
    __rt_entry_presh_1                       0x000002ed   Thumb Code     0  __rtentry2.o(.ARM.Collect$$rtentry$$00000002)
    __rt_entry_sh                            0x000002ed   Thumb Code     0  __rtentry4.o(.ARM.Collect$$rtentry$$00000004)
    __rt_entry_li                            0x000002f3   Thumb Code     0  __rtentry2.o(.ARM.Collect$$rtentry$$0000000A)
    __rt_entry_postsh_1                      0x000002f3   Thumb Code     0  __rtentry2.o(.ARM.Collect$$rtentry$$00000009)
    __rt_entry_main                          0x000002f7   Thumb Code     0  __rtentry2.o(.ARM.Collect$$rtentry$$0000000D)
    __rt_entry_postli_1                      0x000002f7   Thumb Code     0  __rtentry2.o(.ARM.Collect$$rtentry$$0000000C)
    __rt_exit                                0x000002ff   Thumb Code     0  rtexit.o(.ARM.Collect$$rtexit$$00000000)
    __rt_exit_ls                             0x00000301   Thumb Code     0  rtexit2.o(.ARM.Collect$$rtexit$$00000003)
    __rt_exit_prels_1                        0x00000301   Thumb Code     0  rtexit2.o(.ARM.Collect$$rtexit$$00000002)
    __rt_exit_exit                           0x00000305   Thumb Code     0  rtexit2.o(.ARM.Collect$$rtexit$$00000004)
    Reset_Handler                            0x0000030d   Thumb Code     8  startup_tm4c123.o(.text)
    NMI_Handler                              0x00000315   Thumb Code     2  startup_tm4c123.o(.text)
    HardFault_Handler                        0x00000317   Thumb Code     2  startup_tm4c123.o(.text)
    MemManage_Handler                        0x00000319   Thumb Code     2  startup_tm4c123.o(.text)
    BusFault_Handler                         0x0000031b   Thumb Code     2  startup_tm4c123.o(.text)
    UsageFault_Handler                       0x0000031d   Thumb Code     2  startup_tm4c123.o(.text)
    DebugMon_Handler                         0x00000321   Thumb Code     2  startup_tm4c123.o(.text)
    GPIOA_Handler                            0x00000327   Thumb Code     2  startup_tm4c123.o(.text)
    GPIOB_Handler                            0x00000329   Thumb Code     2  startup_tm4c123.o(.text)
    GPIOC_Handler                            0x0000032b   Thumb Code     2  startup_tm4c123.o(.text)
    GPIOD_Handler                            0x0000032d   Thumb Code     2  startup_tm4c123.o(.text)
    GPIOE_Handler                            0x0000032f   Thumb Code     2  startup_tm4c123.o(.text)
    UART0_Handler                            0x00000331   Thumb Code     2  startup_tm4c123.o(.text)
    UART1_Handler                            0x00000333   Thumb Code     2  startup_tm4c123.o(.text)
    SSI0_Handler                             0x00000335   Thumb Code     2  startup_tm4c123.o(.text)
    I2C0_Handler                             0x00000337   Thumb Code     2  startup_tm4c123.o(.text)
    PMW0_FAULT_Handler                       0x00000339   Thumb Code     2  startup_tm4c123.o(.text)
    PWM0_0_Handler                           0x0000033b   Thumb Code     2  startup_tm4c123.o(.text)
    PWM0_1_Handler                           0x0000033d   Thumb Code     2  startup_tm4c123.o(.text)
    PWM0_2_Handler                           0x0000033f   Thumb Code     2  startup_tm4c123.o(.text)
    QEI0_Handler                             0x00000341   Thumb Code     2  startup_tm4c123.o(.text)
    ADC0SS0_Handler                          0x00000343   Thumb Code     2  startup_tm4c123.o(.text)
    ADC0SS1_Handler                          0x00000345   Thumb Code     2  startup_tm4c123.o(.text)
    ADC0SS2_Handler                          0x00000347   Thumb Code     2  startup_tm4c123.o(.text)
    ADC0SS3_Handler                          0x00000349   Thumb Code     2  startup_tm4c123.o(.text)
    WDT0_Handler                             0x0000034b   Thumb Code     2  startup_tm4c123.o(.text)
    TIMER0A_Handler                          0x0000034d   Thumb Code     2  startup_tm4c123.o(.text)
    TIMER0B_Handler                          0x0000034f   Thumb Code     2  startup_tm4c123.o(.text)
    TIMER1A_Handler                          0x00000351   Thumb Code     2  startup_tm4c123.o(.text)
    TIMER1B_Handler                          0x00000353   Thumb Code     2  startup_tm4c123.o(.text)
    TIMER2A_Handler                          0x00000355   Thumb Code     2  startup_tm4c123.o(.text)
    TIMER2B_Handler                          0x00000357   Thumb Code     2  startup_tm4c123.o(.text)
    COMP0_Handler                            0x00000359   Thumb Code     2  startup_tm4c123.o(.text)
    COMP1_Handler                            0x0000035b   Thumb Code     2  startup_tm4c123.o(.text)
    COMP2_Handler                            0x0000035d   Thumb Code     2  startup_tm4c123.o(.text)
    SYSCTL_Handler                           0x0000035f   Thumb Code     2  startup_tm4c123.o(.text)
    FLASH_Handler                            0x00000361   Thumb Code     2  startup_tm4c123.o(.text)
    GPIOG_Handler                            0x00000365   Thumb Code     2  startup_tm4c123.o(.text)
    GPIOH_Handler                            0x00000367   Thumb Code     2  startup_tm4c123.o(.text)
    UART2_Handler                            0x00000369   Thumb Code     2  startup_tm4c123.o(.text)
    SSI1_Handler                             0x0000036b   Thumb Code     2  startup_tm4c123.o(.text)
    TIMER3A_Handler                          0x0000036d   Thumb Code     2  startup_tm4c123.o(.text)
    TIMER3B_Handler                          0x0000036f   Thumb Code     2  startup_tm4c123.o(.text)
    I2C1_Handler                             0x00000371   Thumb Code     2  startup_tm4c123.o(.text)
    QEI1_Handler                             0x00000373   Thumb Code     2  startup_tm4c123.o(.text)
    CAN0_Handler                             0x00000375   Thumb Code     2  startup_tm4c123.o(.text)
    CAN1_Handler                             0x00000377   Thumb Code     2  startup_tm4c123.o(.text)
    CAN2_Handler                             0x00000379   Thumb Code     2  startup_tm4c123.o(.text)
    HIB_Handler                              0x0000037b   Thumb Code     2  startup_tm4c123.o(.text)
    USB0_Handler                             0x0000037d   Thumb Code     2  startup_tm4c123.o(.text)
    PWM0_3_Handler                           0x0000037f   Thumb Code     2  startup_tm4c123.o(.text)
    UDMA_Handler                             0x00000381   Thumb Code     2  startup_tm4c123.o(.text)
    UDMAERR_Handler                          0x00000383   Thumb Code     2  startup_tm4c123.o(.text)
    ADC1SS0_Handler                          0x00000385   Thumb Code     2  startup_tm4c123.o(.text)
    ADC1SS1_Handler                          0x00000387   Thumb Code     2  startup_tm4c123.o(.text)
    ADC1SS2_Handler                          0x00000389   Thumb Code     2  startup_tm4c123.o(.text)
    ADC1SS3_Handler                          0x0000038b   Thumb Code     2  startup_tm4c123.o(.text)
    GPIOJ_Handler                            0x0000038d   Thumb Code     2  startup_tm4c123.o(.text)
    GPIOK_Handler                            0x0000038f   Thumb Code     2  startup_tm4c123.o(.text)
    GPIOL_Handler                            0x00000391   Thumb Code     2  startup_tm4c123.o(.text)
    SSI2_Handler                             0x00000393   Thumb Code     2  startup_tm4c123.o(.text)
    SSI3_Handler                             0x00000395   Thumb Code     2  startup_tm4c123.o(.text)
    UART3_Handler                            0x00000397   Thumb Code     2  startup_tm4c123.o(.text)
    UART4_Handler                            0x00000399   Thumb Code     2  startup_tm4c123.o(.text)
    UART5_Handler                            0x0000039b   Thumb Code     2  startup_tm4c123.o(.text)
    UART6_Handler                            0x0000039d   Thumb Code     2  startup_tm4c123.o(.text)
    UART7_Handler                            0x0000039f   Thumb Code     2  startup_tm4c123.o(.text)
    I2C2_Handler                             0x000003a1   Thumb Code     2  startup_tm4c123.o(.text)
    I2C3_Handler                             0x000003a3   Thumb Code     2  startup_tm4c123.o(.text)
    TIMER4A_Handler                          0x000003a5   Thumb Code     2  startup_tm4c123.o(.text)
    TIMER4B_Handler                          0x000003a7   Thumb Code     2  startup_tm4c123.o(.text)
    TIMER5A_Handler                          0x000003a9   Thumb Code     2  startup_tm4c123.o(.text)
    TIMER5B_Handler                          0x000003ab   Thumb Code     2  startup_tm4c123.o(.text)
    WTIMER0A_Handler                         0x000003ad   Thumb Code     2  startup_tm4c123.o(.text)
    WTIMER0B_Handler                         0x000003af   Thumb Code     2  startup_tm4c123.o(.text)
    WTIMER1A_Handler                         0x000003b1   Thumb Code     2  startup_tm4c123.o(.text)
    WTIMER1B_Handler                         0x000003b3   Thumb Code     2  startup_tm4c123.o(.text)
    WTIMER2A_Handler                         0x000003b5   Thumb Code     2  startup_tm4c123.o(.text)
    WTIMER2B_Handler                         0x000003b7   Thumb Code     2  startup_tm4c123.o(.text)
    WTIMER3A_Handler                         0x000003b9   Thumb Code     2  startup_tm4c123.o(.text)
    WTIMER3B_Handler                         0x000003bb   Thumb Code     2  startup_tm4c123.o(.text)
    WTIMER4A_Handler                         0x000003bd   Thumb Code     2  startup_tm4c123.o(.text)
    WTIMER4B_Handler                         0x000003bf   Thumb Code     2  startup_tm4c123.o(.text)
    WTIMER5A_Handler                         0x000003c1   Thumb Code     2  startup_tm4c123.o(.text)
    WTIMER5B_Handler                         0x000003c3   Thumb Code     2  startup_tm4c123.o(.text)
    FPU_Handler                              0x000003c5   Thumb Code     2  startup_tm4c123.o(.text)
    I2C4_Handler                             0x000003c7   Thumb Code     2  startup_tm4c123.o(.text)
    I2C5_Handler                             0x000003c9   Thumb Code     2  startup_tm4c123.o(.text)
    GPIOM_Handler                            0x000003cb   Thumb Code     2  startup_tm4c123.o(.text)
    GPION_Handler                            0x000003cd   Thumb Code     2  startup_tm4c123.o(.text)
    QEI2_Handler                             0x000003cf   Thumb Code     2  startup_tm4c123.o(.text)
    GPIOP0_Handler                           0x000003d1   Thumb Code     2  startup_tm4c123.o(.text)
    GPIOP1_Handler                           0x000003d3   Thumb Code     2  startup_tm4c123.o(.text)
    GPIOP2_Handler                           0x000003d5   Thumb Code     2  startup_tm4c123.o(.text)
    GPIOP3_Handler                           0x000003d7   Thumb Code     2  startup_tm4c123.o(.text)
    GPIOP4_Handler                           0x000003d9   Thumb Code     2  startup_tm4c123.o(.text)
    GPIOP5_Handler                           0x000003db   Thumb Code     2  startup_tm4c123.o(.text)
    GPIOP6_Handler                           0x000003dd   Thumb Code     2  startup_tm4c123.o(.text)
    GPIOP7_Handler                           0x000003df   Thumb Code     2  startup_tm4c123.o(.text)
    GPIOQ0_Handler                           0x000003e1   Thumb Code     2  startup_tm4c123.o(.text)
    GPIOQ1_Handler                           0x000003e3   Thumb Code     2  startup_tm4c123.o(.text)
    GPIOQ2_Handler                           0x000003e5   Thumb Code     2  startup_tm4c123.o(.text)
    GPIOQ3_Handler                           0x000003e7   Thumb Code     2  startup_tm4c123.o(.text)
    GPIOQ4_Handler                           0x000003e9   Thumb Code     2  startup_tm4c123.o(.text)
    GPIOQ5_Handler                           0x000003eb   Thumb Code     2  startup_tm4c123.o(.text)
    GPIOQ6_Handler                           0x000003ed   Thumb Code     2  startup_tm4c123.o(.text)
    GPIOQ7_Handler                           0x000003ef   Thumb Code     2  startup_tm4c123.o(.text)
    GPIOR_Handler                            0x000003f1   Thumb Code     2  startup_tm4c123.o(.text)
    GPIOS_Handler                            0x000003f3   Thumb Code     2  startup_tm4c123.o(.text)
    PMW1_0_Handler                           0x000003f5   Thumb Code     2  startup_tm4c123.o(.text)
    PWM1_1_Handler                           0x000003f7   Thumb Code     2  startup_tm4c123.o(.text)
    PWM1_2_Handler                           0x000003f9   Thumb Code     2  startup_tm4c123.o(.text)
    PWM1_3_Handler                           0x000003fb   Thumb Code     2  startup_tm4c123.o(.text)
    PWM1_FAULT_Handler                       0x000003fd   Thumb Code     2  startup_tm4c123.o(.text)
    __user_initial_stackheap                 0x00000401   Thumb Code     0  startup_tm4c123.o(.text)
    __aeabi_memcpy                           0x00000421   Thumb Code     0  rt_memcpy_v6.o(.text)
    __rt_memcpy                              0x00000421   Thumb Code   138  rt_memcpy_v6.o(.text)
    _memcpy_lastbytes                        0x00000487   Thumb Code     0  rt_memcpy_v6.o(.text)
    __aeabi_memset4                          0x000004ab   Thumb Code    16  aeabi_memset4.o(.text)
    __aeabi_memset8                          0x000004ab   Thumb Code     0  aeabi_memset4.o(.text)
    __aeabi_memclr                           0x000004bb   Thumb Code     0  rt_memclr.o(.text)
    __rt_memclr                              0x000004bb   Thumb Code    68  rt_memclr.o(.text)
    _memset                                  0x000004bf   Thumb Code     0  rt_memclr.o(.text)
    __use_two_region_memory                  0x000004ff   Thumb Code     2  heapauxi.o(.text)
    __rt_heap_escrow$2region                 0x00000501   Thumb Code     2  heapauxi.o(.text)
    __rt_heap_expand$2region                 0x00000503   Thumb Code     2  heapauxi.o(.text)
    __aeabi_memcpy4                          0x00000505   Thumb Code     0  rt_memcpy_w.o(.text)
    __aeabi_memcpy8                          0x00000505   Thumb Code     0  rt_memcpy_w.o(.text)
    __rt_memcpy_w                            0x00000505   Thumb Code   100  rt_memcpy_w.o(.text)
    _memcpy_lastbytes_aligned                0x0000054d   Thumb Code     0  rt_memcpy_w.o(.text)
    __aeabi_memclr4                          0x00000569   Thumb Code     0  rt_memclr_w.o(.text)
    __aeabi_memclr8                          0x00000569   Thumb Code     0  rt_memclr_w.o(.text)
    __rt_memclr_w                            0x00000569   Thumb Code    78  rt_memclr_w.o(.text)
    _memset_w                                0x0000056d   Thumb Code     0  rt_memclr_w.o(.text)
    __user_setup_stackheap                   0x000005b7   Thumb Code    74  sys_stackheap_outer.o(.text)
    exit                                     0x00000601   Thumb Code    18  exit.o(.text)
    __user_libspace                          0x00000615   Thumb Code     8  libspace.o(.text)
    __user_perproc_libspace                  0x00000615   Thumb Code     0  libspace.o(.text)
    __user_perthread_libspace                0x00000615   Thumb Code     0  libspace.o(.text)
    _sys_exit                                0x0000061d   Thumb Code     8  sys_exit.o(.text)
    __I$use$semihosting                      0x00000629   Thumb Code     0  use_no_semi.o(.text)
    __use_no_semihosting_swi                 0x00000629   Thumb Code     2  use_no_semi.o(.text)
    __semihosting_library_function           0x0000062b   Thumb Code     0  indicate_semi.o(.text)
    GPIOF_Handler                            0x0000062d   Thumb Code    76  main.o(.text.GPIOF_Handler)
    Init                                     0x00000679   Thumb Code    18  main.o(.text.Init)
    PendSV_Handler                           0x00000691   Thumb Code   100  port.o(.text.PendSV_Handler)
    PortF_Init                               0x000006f5   Thumb Code   104  main.o(.text.PortF_Init)
    SVC_Handler                              0x00000761   Thumb Code    36  port.o(.text.SVC_Handler)
    SysTick_Handler                          0x00000785   Thumb Code    44  port.o(.text.SysTick_Handler)
    SystemInit                               0x000007b1   Thumb Code    16  system_tm4c123.o(.text.SystemInit)
    UART0_init                               0x000007c1   Thumb Code    92  main.o(.text.UART0_init)
    UART_Write                               0x0000081d   Thumb Code    16  main.o(.text.UART_Write)
    UART_Write_String                        0x0000082d   Thumb Code    18  main.o(.text.UART_Write_String)
    eTaskConfirmSleepModeStatus              0x00000841   Thumb Code    36  tasks.o(.text.eTaskConfirmSleepModeStatus)
    main                                     0x00000865   Thumb Code   112  main.o(.text.main)
    psh_btn_init                             0x00000c35   Thumb Code    68  main.o(.text.psh_btn_init)
    pvPortMalloc                             0x00000c79   Thumb Code    88  heap_1.o(.text.pvPortMalloc)
    pvTaskIncrementMutexHeldCount            0x00000cd1   Thumb Code    24  tasks.o(.text.pvTaskIncrementMutexHeldCount)
    pxPortInitialiseStack                    0x00000ce9   Thumb Code    36  port.o(.text.pxPortInitialiseStack)
    uxListRemove                             0x00000d0d   Thumb Code    34  list.o(.text.uxListRemove)
    uxTaskGetNumberOfTasks                   0x00000d31   Thumb Code    12  tasks.o(.text.uxTaskGetNumberOfTasks)
    vListInitialise                          0x00000d85   Thumb Code    22  list.o(.text.vListInitialise)
    vListInitialiseItem                      0x00000d9b   Thumb Code     6  list.o(.text.vListInitialiseItem)
    vListInsert                              0x00000da1   Thumb Code    46  list.o(.text.vListInsert)
    vPortEnterCritical                       0x00000e2d   Thumb Code    56  port.o(.text.vPortEnterCritical)
    vPortExitCritical                        0x00000e65   Thumb Code    44  port.o(.text.vPortExitCritical)
    vPortFree                                0x00000e91   Thumb Code    22  heap_1.o(.text.vPortFree)
    vPortSetupTimerInterrupt                 0x00000ea9   Thumb Code    60  port.o(.text.vPortSetupTimerInterrupt)
    vPortSuppressTicksAndSleep               0x00000ee5   Thumb Code   232  port.o(.text.vPortSuppressTicksAndSleep)
    vPortValidateInterruptPriority           0x00000fcd   Thumb Code    88  port.o(.text.vPortValidateInterruptPriority)
    vTaskDelay                               0x00001025   Thumb Code    72  tasks.o(.text.vTaskDelay)
    vTaskInternalSetTimeOutState             0x0000106d   Thumb Code    12  tasks.o(.text.vTaskInternalSetTimeOutState)
    vTaskMissedYield                         0x00001079   Thumb Code    12  tasks.o(.text.vTaskMissedYield)
    vTaskPlaceOnEventList                    0x00001085   Thumb Code    48  tasks.o(.text.vTaskPlaceOnEventList)
    vTaskPriorityDisinheritAfterTimeout      0x000010b5   Thumb Code   172  tasks.o(.text.vTaskPriorityDisinheritAfterTimeout)
    vTaskStartScheduler                      0x00001161   Thumb Code   116  tasks.o(.text.vTaskStartScheduler)
    vTaskStepTick                            0x000011d5   Thumb Code   112  tasks.o(.text.vTaskStepTick)
    vTaskSuspendAll                          0x00001245   Thumb Code    12  tasks.o(.text.vTaskSuspendAll)
    vTaskSwitchContext                       0x00001251   Thumb Code   100  tasks.o(.text.vTaskSwitchContext)
    xPortStartScheduler                      0x000012b5   Thumb Code   228  port.o(.text.xPortStartScheduler)
    xQueueGenericCreate                      0x00001399   Thumb Code    96  queue.o(.text.xQueueGenericCreate)
    xQueueGenericReset                       0x000013f9   Thumb Code   152  queue.o(.text.xQueueGenericReset)
    xQueueGenericSend                        0x00001491   Thumb Code   428  queue.o(.text.xQueueGenericSend)
    xQueueGiveFromISR                        0x0000163d   Thumb Code   214  queue.o(.text.xQueueGiveFromISR)
    xQueueSemaphoreTake                      0x00001715   Thumb Code   376  queue.o(.text.xQueueSemaphoreTake)
    xTaskCheckForTimeOut                     0x0000188d   Thumb Code   132  tasks.o(.text.xTaskCheckForTimeOut)
    xTaskCreate                              0x00001911   Thumb Code   424  tasks.o(.text.xTaskCreate)
    xTaskGetSchedulerState                   0x00001ab9   Thumb Code    24  tasks.o(.text.xTaskGetSchedulerState)
    xTaskIncrementTick                       0x00001ad1   Thumb Code   300  tasks.o(.text.xTaskIncrementTick)
    xTaskPriorityDisinherit                  0x00001bfd   Thumb Code   168  tasks.o(.text.xTaskPriorityDisinherit)
    xTaskPriorityInherit                     0x00001ca5   Thumb Code   172  tasks.o(.text.xTaskPriorityInherit)
    xTaskRemoveFromEventList                 0x00001d51   Thumb Code   204  tasks.o(.text.xTaskRemoveFromEventList)
    xTaskResumeAll                           0x00001e1d   Thumb Code   284  tasks.o(.text.xTaskResumeAll)
    _fp_init                                 0x00001f39   Thumb Code    26  fpinit.o(x$fpl$fpinit)
    __fplib_config_fpu_vfp                   0x00001f51   Thumb Code     0  fpinit.o(x$fpl$fpinit)
    __fplib_config_pureend_doubles           0x00001f51   Thumb Code     0  fpinit.o(x$fpl$fpinit)
    uxTopUsedPriority                        0x00001f54   Data           4  tasks.o(.rodata.uxTopUsedPriority)
    Region$$Table$$Base                      0x00001f58   Number         0  anon$$obj.o(Region$$Table)
    Region$$Table$$Limit                     0x00001f78   Number         0  anon$$obj.o(Region$$Table)
    SystemCoreClock                          0x20000000   Data           4  system_tm4c123.o(.data.SystemCoreClock)
    __libspace_start                         0x20000008   Data          96  libspace.o(.bss)
    __temporary_stack_top$libspace           0x20000068   Data           0  libspace.o(.bss)
    pxCurrentTCB                             0x20000120   Data           4  tasks.o(.bss.pxCurrentTCB)
    xBinarySemaphore                         0x20001188   Data           4  main.o(.bss.xBinarySemaphore)



==============================================================================

Memory Map of the image

  Image Entry point : 0x0000030d

  Load Region LR_1 (Base: 0x00000000, Size: 0x00001f80, Max: 0xffffffff, ABSOLUTE)

    Execution Region ER_RO (Exec base: 0x00000000, Load base: 0x00000000, Size: 0x00001f78, Max: 0xffffffff, ABSOLUTE)

    Exec Addr    Load Addr    Size         Type   Attr      Idx    E Section Name        Object

    0x00000000   0x00000000   0x0000026c   Data   RO           53    RESET               startup_tm4c123.o
    0x0000026c   0x0000026c   0x00000008   Code   RO          388  * !!!main             c_w.l(__main.o)
    0x00000274   0x00000274   0x00000034   Code   RO          555    !!!scatter          c_w.l(__scatter.o)
    0x000002a8   0x000002a8   0x0000001a   Code   RO          557    !!handler_copy      c_w.l(__scatter_copy.o)
    0x000002c2   0x000002c2   0x00000002   PAD
    0x000002c4   0x000002c4   0x0000001c   Code   RO          559    !!handler_zi        c_w.l(__scatter_zi.o)
    0x000002e0   0x000002e0   0x00000002   Code   RO          419    .ARM.Collect$$libinit$$00000000  c_w.l(libinit.o)
    0x000002e2   0x000002e2   0x00000004   Code   RO          425    .ARM.Collect$$libinit$$00000001  c_w.l(libinit2.o)
    0x000002e6   0x000002e6   0x00000000   Code   RO          428    .ARM.Collect$$libinit$$00000004  c_w.l(libinit2.o)
    0x000002e6   0x000002e6   0x00000000   Code   RO          431    .ARM.Collect$$libinit$$0000000A  c_w.l(libinit2.o)
    0x000002e6   0x000002e6   0x00000000   Code   RO          433    .ARM.Collect$$libinit$$0000000C  c_w.l(libinit2.o)
    0x000002e6   0x000002e6   0x00000000   Code   RO          435    .ARM.Collect$$libinit$$0000000E  c_w.l(libinit2.o)
    0x000002e6   0x000002e6   0x00000000   Code   RO          438    .ARM.Collect$$libinit$$00000011  c_w.l(libinit2.o)
    0x000002e6   0x000002e6   0x00000000   Code   RO          440    .ARM.Collect$$libinit$$00000013  c_w.l(libinit2.o)
    0x000002e6   0x000002e6   0x00000000   Code   RO          442    .ARM.Collect$$libinit$$00000015  c_w.l(libinit2.o)
    0x000002e6   0x000002e6   0x00000000   Code   RO          444    .ARM.Collect$$libinit$$00000017  c_w.l(libinit2.o)
    0x000002e6   0x000002e6   0x00000000   Code   RO          446    .ARM.Collect$$libinit$$00000019  c_w.l(libinit2.o)
    0x000002e6   0x000002e6   0x00000000   Code   RO          448    .ARM.Collect$$libinit$$0000001B  c_w.l(libinit2.o)
    0x000002e6   0x000002e6   0x00000000   Code   RO          450    .ARM.Collect$$libinit$$0000001D  c_w.l(libinit2.o)
    0x000002e6   0x000002e6   0x00000000   Code   RO          452    .ARM.Collect$$libinit$$0000001F  c_w.l(libinit2.o)
    0x000002e6   0x000002e6   0x00000000   Code   RO          454    .ARM.Collect$$libinit$$00000021  c_w.l(libinit2.o)
    0x000002e6   0x000002e6   0x00000000   Code   RO          456    .ARM.Collect$$libinit$$00000023  c_w.l(libinit2.o)
    0x000002e6   0x000002e6   0x00000000   Code   RO          458    .ARM.Collect$$libinit$$00000025  c_w.l(libinit2.o)
    0x000002e6   0x000002e6   0x00000000   Code   RO          462    .ARM.Collect$$libinit$$0000002C  c_w.l(libinit2.o)
    0x000002e6   0x000002e6   0x00000000   Code   RO          464    .ARM.Collect$$libinit$$0000002E  c_w.l(libinit2.o)
    0x000002e6   0x000002e6   0x00000000   Code   RO          466    .ARM.Collect$$libinit$$00000030  c_w.l(libinit2.o)
    0x000002e6   0x000002e6   0x00000000   Code   RO          468    .ARM.Collect$$libinit$$00000032  c_w.l(libinit2.o)
    0x000002e6   0x000002e6   0x00000002   Code   RO          469    .ARM.Collect$$libinit$$00000033  c_w.l(libinit2.o)
    0x000002e8   0x000002e8   0x00000002   Code   RO          491    .ARM.Collect$$libshutdown$$00000000  c_w.l(libshutdown.o)
    0x000002ea   0x000002ea   0x00000000   Code   RO          506    .ARM.Collect$$libshutdown$$00000002  c_w.l(libshutdown2.o)
    0x000002ea   0x000002ea   0x00000000   Code   RO          508    .ARM.Collect$$libshutdown$$00000004  c_w.l(libshutdown2.o)
    0x000002ea   0x000002ea   0x00000000   Code   RO          511    .ARM.Collect$$libshutdown$$00000007  c_w.l(libshutdown2.o)
    0x000002ea   0x000002ea   0x00000000   Code   RO          514    .ARM.Collect$$libshutdown$$0000000A  c_w.l(libshutdown2.o)
    0x000002ea   0x000002ea   0x00000000   Code   RO          516    .ARM.Collect$$libshutdown$$0000000C  c_w.l(libshutdown2.o)
    0x000002ea   0x000002ea   0x00000000   Code   RO          519    .ARM.Collect$$libshutdown$$0000000F  c_w.l(libshutdown2.o)
    0x000002ea   0x000002ea   0x00000002   Code   RO          520    .ARM.Collect$$libshutdown$$00000010  c_w.l(libshutdown2.o)
    0x000002ec   0x000002ec   0x00000000   Code   RO          390    .ARM.Collect$$rtentry$$00000000  c_w.l(__rtentry.o)
    0x000002ec   0x000002ec   0x00000000   Code   RO          396    .ARM.Collect$$rtentry$$00000002  c_w.l(__rtentry2.o)
    0x000002ec   0x000002ec   0x00000006   Code   RO          408    .ARM.Collect$$rtentry$$00000004  c_w.l(__rtentry4.o)
    0x000002f2   0x000002f2   0x00000000   Code   RO          398    .ARM.Collect$$rtentry$$00000009  c_w.l(__rtentry2.o)
    0x000002f2   0x000002f2   0x00000004   Code   RO          399    .ARM.Collect$$rtentry$$0000000A  c_w.l(__rtentry2.o)
    0x000002f6   0x000002f6   0x00000000   Code   RO          401    .ARM.Collect$$rtentry$$0000000C  c_w.l(__rtentry2.o)
    0x000002f6   0x000002f6   0x00000008   Code   RO          402    .ARM.Collect$$rtentry$$0000000D  c_w.l(__rtentry2.o)
    0x000002fe   0x000002fe   0x00000002   Code   RO          423    .ARM.Collect$$rtexit$$00000000  c_w.l(rtexit.o)
    0x00000300   0x00000300   0x00000000   Code   RO          471    .ARM.Collect$$rtexit$$00000002  c_w.l(rtexit2.o)
    0x00000300   0x00000300   0x00000004   Code   RO          472    .ARM.Collect$$rtexit$$00000003  c_w.l(rtexit2.o)
    0x00000304   0x00000304   0x00000006   Code   RO          473    .ARM.Collect$$rtexit$$00000004  c_w.l(rtexit2.o)
    0x0000030a   0x0000030a   0x00000002   PAD
    0x0000030c   0x0000030c   0x00000114   Code   RO           54  * .text               startup_tm4c123.o
    0x00000420   0x00000420   0x0000008a   Code   RO          380    .text               c_w.l(rt_memcpy_v6.o)
    0x000004aa   0x000004aa   0x00000010   Code   RO          382    .text               c_w.l(aeabi_memset4.o)
    0x000004ba   0x000004ba   0x00000044   Code   RO          384    .text               c_w.l(rt_memclr.o)
    0x000004fe   0x000004fe   0x00000006   Code   RO          386    .text               c_w.l(heapauxi.o)
    0x00000504   0x00000504   0x00000064   Code   RO          391    .text               c_w.l(rt_memcpy_w.o)
    0x00000568   0x00000568   0x0000004e   Code   RO          393    .text               c_w.l(rt_memclr_w.o)
    0x000005b6   0x000005b6   0x0000004a   Code   RO          410    .text               c_w.l(sys_stackheap_outer.o)
    0x00000600   0x00000600   0x00000012   Code   RO          412    .text               c_w.l(exit.o)
    0x00000612   0x00000612   0x00000002   PAD
    0x00000614   0x00000614   0x00000008   Code   RO          420    .text               c_w.l(libspace.o)
    0x0000061c   0x0000061c   0x0000000c   Code   RO          481    .text               c_w.l(sys_exit.o)
    0x00000628   0x00000628   0x00000002   Code   RO          496    .text               c_w.l(use_no_semi.o)
    0x0000062a   0x0000062a   0x00000000   Code   RO          498    .text               c_w.l(indicate_semi.o)
    0x0000062a   0x0000062a   0x00000002   PAD
    0x0000062c   0x0000062c   0x0000004c   Code   RO           14    .text.GPIOF_Handler  main.o
    0x00000678   0x00000678   0x00000012   Code   RO            8    .text.Init          main.o
    0x0000068a   0x0000068a   0x00000006   PAD
    0x00000690   0x00000690   0x00000064   Code   RO          118    .text.PendSV_Handler  port.o
    0x000006f4   0x000006f4   0x00000068   Code   RO            2    .text.PortF_Init    main.o
    0x0000075c   0x0000075c   0x00000004   PAD
    0x00000760   0x00000760   0x00000024   Code   RO          102    .text.SVC_Handler   port.o
    0x00000784   0x00000784   0x0000002c   Code   RO          120    .text.SysTick_Handler  port.o
    0x000007b0   0x000007b0   0x00000010   Code   RO           65    .text.SystemInit    system_tm4c123.o
    0x000007c0   0x000007c0   0x0000005c   Code   RO            6    .text.UART0_init    main.o
    0x0000081c   0x0000081c   0x00000010   Code   RO           10    .text.UART_Write    main.o
    0x0000082c   0x0000082c   0x00000012   Code   RO           12    .text.UART_Write_String  main.o
    0x0000083e   0x0000083e   0x00000002   PAD
    0x00000840   0x00000840   0x00000024   Code   RO          323    .text.eTaskConfirmSleepModeStatus  tasks.o
    0x00000864   0x00000864   0x00000070   Code   RO           16    .text.main          main.o
    0x000008d4   0x000008d4   0x00000098   Code   RO          247    .text.prvAddCurrentTaskToDelayedList  tasks.o
    0x0000096c   0x0000096c   0x00000070   Code   RO          176    .text.prvCopyDataToQueue  queue.o
    0x000009dc   0x000009dc   0x00000014   Code   RO          241    .text.prvDeleteTCB  tasks.o
    0x000009f0   0x000009f0   0x00000028   Code   RO          361    .text.prvGetExpectedIdleTime  tasks.o
    0x00000a18   0x00000a18   0x0000008c   Code   RO          273    .text.prvIdleTask   tasks.o
    0x00000aa4   0x00000aa4   0x00000018   Code   RO          190    .text.prvIsQueueEmpty  queue.o
    0x00000abc   0x00000abc   0x00000092   Code   RO          178    .text.prvNotifyQueueSetContainer  queue.o
    0x00000b4e   0x00000b4e   0x00000002   PAD
    0x00000b50   0x00000b50   0x00000028   Code   RO          110    .text.prvPortStartFirstTask  port.o
    0x00000b78   0x00000b78   0x0000001c   Code   RO          239    .text.prvResetNextTaskUnblockTime  tasks.o
    0x00000b94   0x00000b94   0x0000002c   Code   RO          100    .text.prvTaskExitError  port.o
    0x00000bc0   0x00000bc0   0x00000074   Code   RO          180    .text.prvUnlockQueue  queue.o
    0x00000c34   0x00000c34   0x00000044   Code   RO            4    .text.psh_btn_init  main.o
    0x00000c78   0x00000c78   0x00000058   Code   RO          137    .text.pvPortMalloc  heap_1.o
    0x00000cd0   0x00000cd0   0x00000018   Code   RO          345    .text.pvTaskIncrementMutexHeldCount  tasks.o
    0x00000ce8   0x00000ce8   0x00000024   Code   RO           98    .text.pxPortInitialiseStack  port.o
    0x00000d0c   0x00000d0c   0x00000022   Code   RO           87    .text.uxListRemove  list.o
    0x00000d2e   0x00000d2e   0x00000002   PAD
    0x00000d30   0x00000d30   0x0000000c   Code   RO          283    .text.uxTaskGetNumberOfTasks  tasks.o
    0x00000d3c   0x00000d3c   0x00000048   Code   RO           18    .text.vHandlerTask  main.o
    0x00000d84   0x00000d84   0x00000016   Code   RO           79    .text.vListInitialise  list.o
    0x00000d9a   0x00000d9a   0x00000006   Code   RO           81    .text.vListInitialiseItem  list.o
    0x00000da0   0x00000da0   0x0000002e   Code   RO           85    .text.vListInsert   list.o
    0x00000dce   0x00000dce   0x00000002   PAD
    0x00000dd0   0x00000dd0   0x00000048   Code   RO           20    .text.vPeriodicTask  main.o
    0x00000e18   0x00000e18   0x00000014   Code   RO          108    .text.vPortEnableVFP  port.o
    0x00000e2c   0x00000e2c   0x00000038   Code   RO          114    .text.vPortEnterCritical  port.o
    0x00000e64   0x00000e64   0x0000002c   Code   RO          116    .text.vPortExitCritical  port.o
    0x00000e90   0x00000e90   0x00000016   Code   RO          139    .text.vPortFree     heap_1.o
    0x00000ea6   0x00000ea6   0x00000002   PAD
    0x00000ea8   0x00000ea8   0x0000003c   Code   RO          106    .text.vPortSetupTimerInterrupt  port.o
    0x00000ee4   0x00000ee4   0x000000e8   Code   RO          122    .text.vPortSuppressTicksAndSleep  port.o
    0x00000fcc   0x00000fcc   0x00000058   Code   RO          124    .text.vPortValidateInterruptPriority  port.o
    0x00001024   0x00001024   0x00000048   Code   RO          251    .text.vTaskDelay    tasks.o
    0x0000106c   0x0000106c   0x0000000c   Code   RO          313    .text.vTaskInternalSetTimeOutState  tasks.o
    0x00001078   0x00001078   0x0000000c   Code   RO          317    .text.vTaskMissedYield  tasks.o
    0x00001084   0x00001084   0x00000030   Code   RO          303    .text.vTaskPlaceOnEventList  tasks.o
    0x000010b4   0x000010b4   0x000000ac   Code   RO          341    .text.vTaskPriorityDisinheritAfterTimeout  tasks.o
    0x00001160   0x00001160   0x00000074   Code   RO          271    .text.vTaskStartScheduler  tasks.o
    0x000011d4   0x000011d4   0x00000070   Code   RO          297    .text.vTaskStepTick  tasks.o
    0x00001244   0x00001244   0x0000000c   Code   RO          245    .text.vTaskSuspendAll  tasks.o
    0x00001250   0x00001250   0x00000064   Code   RO          263    .text.vTaskSwitchContext  tasks.o
    0x000012b4   0x000012b4   0x000000e4   Code   RO          104    .text.xPortStartScheduler  port.o
    0x00001398   0x00001398   0x00000060   Code   RO          158    .text.xQueueGenericCreate  queue.o
    0x000013f8   0x000013f8   0x00000098   Code   RO          156    .text.xQueueGenericReset  queue.o
    0x00001490   0x00001490   0x000001ac   Code   RO          168    .text.xQueueGenericSend  queue.o
    0x0000163c   0x0000163c   0x000000d6   Code   RO          184    .text.xQueueGiveFromISR  queue.o
    0x00001712   0x00001712   0x00000002   PAD
    0x00001714   0x00001714   0x00000178   Code   RO          172    .text.xQueueSemaphoreTake  queue.o
    0x0000188c   0x0000188c   0x00000084   Code   RO          315    .text.xTaskCheckForTimeOut  tasks.o
    0x00001910   0x00001910   0x000001a8   Code   RO          235    .text.xTaskCreate   tasks.o
    0x00001ab8   0x00001ab8   0x00000018   Code   RO          335    .text.xTaskGetSchedulerState  tasks.o
    0x00001ad0   0x00001ad0   0x0000012c   Code   RO          277    .text.xTaskIncrementTick  tasks.o
    0x00001bfc   0x00001bfc   0x000000a8   Code   RO          339    .text.xTaskPriorityDisinherit  tasks.o
    0x00001ca4   0x00001ca4   0x000000ac   Code   RO          337    .text.xTaskPriorityInherit  tasks.o
    0x00001d50   0x00001d50   0x000000cc   Code   RO          307    .text.xTaskRemoveFromEventList  tasks.o
    0x00001e1c   0x00001e1c   0x0000011c   Code   RO          249    .text.xTaskResumeAll  tasks.o
    0x00001f38   0x00001f38   0x0000001a   Code   RO          479    x$fpl$fpinit        fz_wm.l(fpinit.o)
    0x00001f52   0x00001f52   0x00000002   PAD
    0x00001f54   0x00001f54   0x00000004   Data   RO          364    .rodata.uxTopUsedPriority  tasks.o
    0x00001f58   0x00001f58   0x00000020   Data   RO          554    Region$$Table       anon$$obj.o


    Execution Region ER_RW (Exec base: 0x20000000, Load base: 0x00001f78, Size: 0x00000008, Max: 0xffffffff, ABSOLUTE)

    Exec Addr    Load Addr    Size         Type   Attr      Idx    E Section Name        Object

    0x20000000   0x00001f78   0x00000004   Data   RW           67    .data.SystemCoreClock  system_tm4c123.o
    0x20000004   0x00001f7c   0x00000004   Data   RW          126    .data.uxCriticalNesting  port.o


    Execution Region ER_ZI (Exec base: 0x20000008, Load base: 0x00001f80, Size: 0x00001388, Max: 0xffffffff, ABSOLUTE)

    Exec Addr    Load Addr    Size         Type   Attr      Idx    E Section Name        Object

    0x20000008        -       0x00000060   Zero   RW          421    .bss                c_w.l(libspace.o)
    0x20000068        -       0x00000014   Zero   RW          127    .bss..L_MergedGlobals  port.o
    0x2000007c        -       0x00000008   Zero   RW          146    .bss..L_MergedGlobals  heap_1.o
    0x20000084        -       0x00000074   Zero   RW          366    .bss..L_MergedGlobals  tasks.o
    0x200000f8        -       0x00000028   Zero   RW          367    .bss..L_MergedGlobals.1  tasks.o
    0x20000120        -       0x00000004   Zero   RW          363    .bss.pxCurrentTCB   tasks.o
    0x20000124        -       0x00000064   Zero   RW          365    .bss.pxReadyTasksLists  tasks.o
    0x20000188        -       0x00001000   Zero   RW          145    .bss.ucHeap         heap_1.o
    0x20001188        -       0x00000004   Zero   RW           22    .bss.xBinarySemaphore  main.o
    0x2000118c   0x00001f80   0x00000004   PAD
    0x20001190        -       0x00000000   Zero   RW           52    HEAP                startup_tm4c123.o
    0x20001190        -       0x00000200   Zero   RW           51    STACK               startup_tm4c123.o


==============================================================================

Image component sizes


      Code (inc. data)   RO Data    RW Data    ZI Data      Debug   Object Name

       110          8          0          0       4104       1778   heap_1.o
       108          0          0          0          0       2235   list.o
       648        196          0          0          4       2344   main.o
      1028         72          0          4         20       5191   port.o
      1664          8          0          0          0      19744   queue.o
       276         24        620          0        512       5456   startup_tm4c123.o
        16          4          0          4          0       6425   system_tm4c123.o
      2816        116          4          0        260      31619   tasks.o

    ----------------------------------------------------------------------
      6688        432        656          8       4904      74792   Object Totals
         0          0         32          0          0          0   (incl. Generated)
        22          4          0          0          4          0   (incl. Padding)

    ----------------------------------------------------------------------

      Code (inc. data)   RO Data    RW Data    ZI Data      Debug   Library Member Name

         8          0          0          0          0         68   __main.o
         0          0          0          0          0          0   __rtentry.o
        12          0          0          0          0          0   __rtentry2.o
         6          0          0          0          0          0   __rtentry4.o
        52          8          0          0          0          0   __scatter.o
        26          0          0          0          0          0   __scatter_copy.o
        28          0          0          0          0          0   __scatter_zi.o
        16          0          0          0          0         68   aeabi_memset4.o
        18          0          0          0          0         80   exit.o
         6          0          0          0          0        152   heapauxi.o
         0          0          0          0          0          0   indicate_semi.o
         2          0          0          0          0          0   libinit.o
         6          0          0          0          0          0   libinit2.o
         2          0          0          0          0          0   libshutdown.o
         2          0          0          0          0          0   libshutdown2.o
         8          4          0          0         96         68   libspace.o
        68          0          0          0          0         68   rt_memclr.o
        78          0          0          0          0         80   rt_memclr_w.o
       138          0          0          0          0         68   rt_memcpy_v6.o
       100          0          0          0          0         80   rt_memcpy_w.o
         2          0          0          0          0          0   rtexit.o
        10          0          0          0          0          0   rtexit2.o
        12          4          0          0          0         68   sys_exit.o
        74          0          0          0          0         80   sys_stackheap_outer.o
         2          0          0          0          0         68   use_no_semi.o
        26          0          0          0          0        116   fpinit.o

    ----------------------------------------------------------------------
       712         16          0          0         96       1064   Library Totals
        10          0          0          0          0          0   (incl. Padding)

    ----------------------------------------------------------------------

      Code (inc. data)   RO Data    RW Data    ZI Data      Debug   Library Name

       676         16          0          0         96        948   c_w.l
        26          0          0          0          0        116   fz_wm.l

    ----------------------------------------------------------------------
       712         16          0          0         96       1064   Library Totals

    ----------------------------------------------------------------------

==============================================================================


      Code (inc. data)   RO Data    RW Data    ZI Data      Debug   

      7400        448        656          8       5000      75344   Grand Totals
      7400        448        656          8       5000      75344   ELF Image Totals
      7400        448        656          8          0          0   ROM Totals

==============================================================================

    Total RO  Size (Code + RO Data)                 8056 (   7.87kB)
    Total RW  Size (RW Data + ZI Data)              5008 (   4.89kB)
    Total ROM Size (Code + RO Data + RW Data)       8064 (   7.88kB)

==============================================================================

